#
# There is insufficient memory for the Java Runtime Environment to continue.
# Native memory allocation (malloc) failed to allocate 1056496 bytes for Chunk::new
# Possible reasons:
#   The system is out of physical RAM or swap space
#   The process is running with CompressedOops enabled, and the Java Heap may be blocking the growth of the native heap
# Possible solutions:
#   Reduce memory load on the system
#   Increase physical memory or swap space
#   Check if swap backing store is full
#   Decrease Java heap size (-Xmx/-Xms)
#   Decrease number of Java threads
#   Decrease Java thread stack sizes (-Xss)
#   Set larger code cache with -XX:ReservedCodeCacheSize=
#   JVM is running with Zero Based Compressed Oops mode in which the Java heap is
#     placed in the first 32GB address space. The Java Heap base address is the
#     maximum limit for the native heap growth. Please use -XX:HeapBaseMinAddress
#     to set the Java Heap base and to place the Java Heap above 32GB virtual address.
# This output file may be truncated or incomplete.
#
#  Out of Memory Error (arena.cpp:189), pid=99420, tid=99332
#
# JRE version: Java(TM) SE Runtime Environment (17.0.10+11) (build 17.0.10+11-LTS-240)
# Java VM: Java HotSpot(TM) 64-Bit Server VM (17.0.10+11-LTS-240, mixed mode, sharing, tiered, compressed oops, compressed class ptrs, g1 gc, windows-amd64)
# No core dump will be written. Minidumps are not enabled by default on client versions of Windows
#

---------------  S U M M A R Y ------------

Command Line: --add-opens=java.base/java.util=ALL-UNNAMED --add-opens=java.base/java.lang=ALL-UNNAMED --add-opens=java.base/java.lang.invoke=ALL-UNNAMED --add-opens=java.prefs/java.util.prefs=ALL-UNNAMED --add-exports=jdk.compiler/com.sun.tools.javac.api=ALL-UNNAMED --add-exports=jdk.compiler/com.sun.tools.javac.util=ALL-UNNAMED --add-opens=java.base/java.nio.charset=ALL-UNNAMED --add-opens=java.base/java.net=ALL-UNNAMED --add-opens=java.base/java.util.concurrent.atomic=ALL-UNNAMED -Xmx4096M -Dfile.encoding=UTF-8 -Duser.country=RU -Duser.language=ru -Duser.variant -javaagent:J:\.gradle\wrapper\dists\gradle-8.9-bin\90cnw93cvbtalezasaz0blq0a\gradle-8.9\lib\agents\gradle-instrumentation-agent-8.9.jar org.gradle.launcher.daemon.bootstrap.GradleDaemon 8.9

Host: 11th Gen Intel(R) Core(TM) i7-1165G7 @ 2.80GHz, 8 cores, 31G,  Windows 11 , 64 bit Build 26100 (10.0.26100.4484)
Time: Wed Jul 30 13:30:06 2025 RTZ 9 (s 11 , 64 bit Build 26100 (10.0.26100.4484) elapsed time: 42.132946 seconds (0d 0h 0m 42s)

---------------  T H R E A D  ---------------

Current thread (0x000001dadb72e430):  JavaThread "C2 CompilerThread0" daemon [_thread_in_native, id=99332, stack(0x0000005466f00000,0x0000005467000000)]


Current CompileTask:
C2:  42133 9973       4       org.objectweb.asm.ClassWriter::toByteArray (1535 bytes)

Stack: [0x0000005466f00000,0x0000005467000000]
Native frames: (J=compiled Java code, j=interpreted, Vv=VM code, C=native code)
V  [jvm.dll+0x677a5a]
V  [jvm.dll+0x7d8b2d]
V  [jvm.dll+0x7da48e]
V  [jvm.dll+0x7daaf3]
V  [jvm.dll+0x2455ff]
V  [jvm.dll+0xaaafb]
V  [jvm.dll+0xab09c]
V  [jvm.dll+0x361b5f]
V  [jvm.dll+0x32c211]
V  [jvm.dll+0x32b6aa]
V  [jvm.dll+0x21794f]
V  [jvm.dll+0x216d81]
V  [jvm.dll+0x1a3410]
V  [jvm.dll+0x226aeb]
V  [jvm.dll+0x224cab]
V  [jvm.dll+0x78e45c]
V  [jvm.dll+0x78888a]
V  [jvm.dll+0x676935]
C  [ucrtbase.dll+0x37b0]
C  [KERNEL32.DLL+0x2e8d7]
C  [ntdll.dll+0x3c34c]


---------------  P R O C E S S  ---------------

Threads class SMR info:
_java_thread_list=0x000001db24ba8e90, length=61, elements={
0x000001dab88c5510, 0x000001dadb70e8a0, 0x000001dadb70f370, 0x000001dadb72b300,
0x000001dadb72bdd0, 0x000001dadb72c6a0, 0x000001dadb72cf70, 0x000001dadb72e430,
0x000001dadb80cfb0, 0x000001dadb814640, 0x000001dadb80c780, 0x000001dadb9b9f10,
0x000001db229fd0a0, 0x000001dadbadaf60, 0x000001db22c918c0, 0x000001db22acc1d0,
0x000001db22acc6e0, 0x000001db22accbf0, 0x000001db22acd100, 0x000001db22acd610,
0x000001db22ace540, 0x000001db22acdb20, 0x000001db22ace030, 0x000001db22acb7b0,
0x000001db22acbcc0, 0x000001db22acea50, 0x000001db22acb2a0, 0x000001db24dddb90,
0x000001db24de1850, 0x000001db24ddefd0, 0x000001db24ddf9f0, 0x000001db24ddf4e0,
0x000001db24ddff00, 0x000001db24de1340, 0x000001db24de0410, 0x000001db24dde0a0,
0x000001db24de1d60, 0x000001db24de0920, 0x000001db24ddeac0, 0x000001db24de0e30,
0x000001db24dde5b0, 0x000001db24de2780, 0x000001db24de4af0, 0x000001db24de3bc0,
0x000001db24de40d0, 0x000001db24de45e0, 0x000001db24de5000, 0x000001db24de5510,
0x000001db24de2c90, 0x000001db24de31a0, 0x000001db24de36b0, 0x000001db27cd9e30,
0x000001db27cda340, 0x000001db27cda850, 0x000001db27cd8f00, 0x000001db27cd9920,
0x000001db27cdad60, 0x000001db27cdb270, 0x000001db27cd84e0, 0x000001db27cd9410,
0x000001db27cdb780
}

Java Threads: ( => current thread )
  0x000001dab88c5510 JavaThread "main" [_thread_blocked, id=82736, stack(0x0000005466200000,0x0000005466300000)]
  0x000001dadb70e8a0 JavaThread "Reference Handler" daemon [_thread_blocked, id=95736, stack(0x0000005466900000,0x0000005466a00000)]
  0x000001dadb70f370 JavaThread "Finalizer" daemon [_thread_blocked, id=94088, stack(0x0000005466a00000,0x0000005466b00000)]
  0x000001dadb72b300 JavaThread "Signal Dispatcher" daemon [_thread_blocked, id=97900, stack(0x0000005466b00000,0x0000005466c00000)]
  0x000001dadb72bdd0 JavaThread "Attach Listener" daemon [_thread_blocked, id=99348, stack(0x0000005466c00000,0x0000005466d00000)]
  0x000001dadb72c6a0 JavaThread "Service Thread" daemon [_thread_blocked, id=87876, stack(0x0000005466d00000,0x0000005466e00000)]
  0x000001dadb72cf70 JavaThread "Monitor Deflation Thread" daemon [_thread_blocked, id=99488, stack(0x0000005466e00000,0x0000005466f00000)]
=>0x000001dadb72e430 JavaThread "C2 CompilerThread0" daemon [_thread_in_native, id=99332, stack(0x0000005466f00000,0x0000005467000000)]
  0x000001dadb80cfb0 JavaThread "C1 CompilerThread0" daemon [_thread_blocked, id=101896, stack(0x0000005467000000,0x0000005467100000)]
  0x000001dadb814640 JavaThread "Sweeper thread" daemon [_thread_blocked, id=61920, stack(0x0000005467100000,0x0000005467200000)]
  0x000001dadb80c780 JavaThread "Common-Cleaner" daemon [_thread_blocked, id=99424, stack(0x0000005467200000,0x0000005467300000)]
  0x000001dadb9b9f10 JavaThread "Notification Thread" daemon [_thread_blocked, id=99496, stack(0x0000005467300000,0x0000005467400000)]
  0x000001db229fd0a0 JavaThread "Daemon health stats" [_thread_blocked, id=99700, stack(0x0000005467e00000,0x0000005467f00000)]
  0x000001dadbadaf60 JavaThread "Incoming local TCP Connector on port 59565" [_thread_in_native, id=85752, stack(0x0000005467500000,0x0000005467600000)]
  0x000001db22c918c0 JavaThread "Daemon periodic checks" [_thread_blocked, id=98924, stack(0x0000005467600000,0x0000005467700000)]
  0x000001db22acc1d0 JavaThread "Daemon" [_thread_blocked, id=101680, stack(0x0000005467f00000,0x0000005468000000)]
  0x000001db22acc6e0 JavaThread "Handler for socket connection from /127.0.0.1:59565 to /127.0.0.1:59568" [_thread_in_native, id=101748, stack(0x0000005468000000,0x0000005468100000)]
  0x000001db22accbf0 JavaThread "Cancel handler" [_thread_blocked, id=101764, stack(0x0000005468100000,0x0000005468200000)]
  0x000001db22acd100 JavaThread "Daemon worker" [_thread_in_Java, id=101884, stack(0x0000005468200000,0x0000005468300000)]
  0x000001db22acd610 JavaThread "Asynchronous log dispatcher for DefaultDaemonConnection: socket connection from /127.0.0.1:59565 to /127.0.0.1:59568" [_thread_blocked, id=73260, stack(0x0000005468300000,0x0000005468400000)]
  0x000001db22ace540 JavaThread "Stdin handler" [_thread_blocked, id=99508, stack(0x0000005468400000,0x0000005468500000)]
  0x000001db22acdb20 JavaThread "Daemon client event forwarder" [_thread_blocked, id=99556, stack(0x0000005468500000,0x0000005468600000)]
  0x000001db22ace030 JavaThread "Cache worker for journal cache (J:\.gradle\caches\journal-1)" [_thread_blocked, id=99704, stack(0x0000005468700000,0x0000005468800000)]
  0x000001db22acb7b0 JavaThread "File lock request listener" [_thread_in_native, id=99980, stack(0x0000005468800000,0x0000005468900000)]
  0x000001db22acbcc0 JavaThread "Cache worker for file hash cache (J:\.gradle\caches\8.9\fileHashes)" [_thread_blocked, id=100304, stack(0x0000005468900000,0x0000005468a00000)]
  0x000001db22acea50 JavaThread "Cache worker for file hash cache (J:\Idea\MyDiaryKMP\.gradle\8.9\fileHashes)" [_thread_blocked, id=101296, stack(0x0000005468a00000,0x0000005468b00000)]
  0x000001db22acb2a0 JavaThread "Cache worker for Build Output Cleanup Cache (J:\Idea\MyDiaryKMP\.gradle\buildOutputCleanup)" [_thread_blocked, id=99616, stack(0x0000005468b00000,0x0000005468c00000)]
  0x000001db24dddb90 JavaThread "File watcher server" daemon [_thread_in_native, id=62428, stack(0x0000005468e00000,0x0000005468f00000)]
  0x000001db24de1850 JavaThread "File watcher consumer" daemon [_thread_blocked, id=99548, stack(0x0000005468f00000,0x0000005469000000)]
  0x000001db24ddefd0 JavaThread "jar transforms" [_thread_blocked, id=79208, stack(0x0000005468600000,0x0000005468700000)]
  0x000001db24ddf9f0 JavaThread "jar transforms Thread 2" [_thread_blocked, id=100912, stack(0x0000005468c00000,0x0000005468d00000)]
  0x000001db24ddf4e0 JavaThread "jar transforms Thread 3" [_thread_blocked, id=92720, stack(0x0000005469000000,0x0000005469100000)]
  0x000001db24ddff00 JavaThread "jar transforms Thread 4" [_thread_blocked, id=99584, stack(0x0000005469100000,0x0000005469200000)]
  0x000001db24de1340 JavaThread "jar transforms Thread 5" [_thread_blocked, id=102108, stack(0x0000005469200000,0x0000005469300000)]
  0x000001db24de0410 JavaThread "jar transforms Thread 6" [_thread_blocked, id=99856, stack(0x0000005469300000,0x0000005469400000)]
  0x000001db24dde0a0 JavaThread "jar transforms Thread 7" [_thread_blocked, id=68016, stack(0x0000005469400000,0x0000005469500000)]
  0x000001db24de1d60 JavaThread "jar transforms Thread 8" [_thread_blocked, id=99960, stack(0x0000005469500000,0x0000005469600000)]
  0x000001db24de0920 JavaThread "Cache worker for checksums cache (J:\Idea\MyDiaryKMP\.gradle\8.9\checksums)" [_thread_blocked, id=102144, stack(0x0000005469800000,0x0000005469900000)]
  0x000001db24ddeac0 JavaThread "Cache worker for file content cache (J:\.gradle\caches\8.9\fileContent)" [_thread_blocked, id=99456, stack(0x0000005469900000,0x0000005469a00000)]
  0x000001db24de0e30 JavaThread "Cache worker for cache directory md-rule (J:\.gradle\caches\8.9\md-rule)" [_thread_blocked, id=99468, stack(0x0000005469a00000,0x0000005469b00000)]
  0x000001db24dde5b0 JavaThread "Cache worker for cache directory md-supplier (J:\.gradle\caches\8.9\md-supplier)" [_thread_blocked, id=101968, stack(0x0000005469b00000,0x0000005469c00000)]
  0x000001db24de2780 JavaThread "Unconstrained build operations" [_thread_blocked, id=102352, stack(0x0000005469c00000,0x0000005469d00000)]
  0x000001db24de4af0 JavaThread "Unconstrained build operations Thread 2" [_thread_blocked, id=95740, stack(0x0000005469d00000,0x0000005469e00000)]
  0x000001db24de3bc0 JavaThread "Unconstrained build operations Thread 3" [_thread_blocked, id=69456, stack(0x0000005469e00000,0x0000005469f00000)]
  0x000001db24de40d0 JavaThread "Unconstrained build operations Thread 4" [_thread_blocked, id=97468, stack(0x0000005469f00000,0x000000546a000000)]
  0x000001db24de45e0 JavaThread "Unconstrained build operations Thread 5" [_thread_blocked, id=96888, stack(0x000000546a000000,0x000000546a100000)]
  0x000001db24de5000 JavaThread "Unconstrained build operations Thread 6" [_thread_blocked, id=86032, stack(0x000000546a100000,0x000000546a200000)]
  0x000001db24de5510 JavaThread "Unconstrained build operations Thread 7" [_thread_blocked, id=99404, stack(0x000000546a200000,0x000000546a300000)]
  0x000001db24de2c90 JavaThread "Unconstrained build operations Thread 8" [_thread_blocked, id=99572, stack(0x000000546a300000,0x000000546a400000)]
  0x000001db24de31a0 JavaThread "Unconstrained build operations Thread 9" [_thread_blocked, id=99536, stack(0x000000546a400000,0x000000546a500000)]
  0x000001db24de36b0 JavaThread "Unconstrained build operations Thread 10" [_thread_blocked, id=99760, stack(0x000000546a500000,0x000000546a600000)]
  0x000001db27cd9e30 JavaThread "Unconstrained build operations Thread 11" [_thread_blocked, id=102216, stack(0x000000546a600000,0x000000546a700000)]
  0x000001db27cda340 JavaThread "Unconstrained build operations Thread 12" [_thread_blocked, id=75148, stack(0x000000546a700000,0x000000546a800000)]
  0x000001db27cda850 JavaThread "Unconstrained build operations Thread 13" [_thread_blocked, id=99532, stack(0x000000546a800000,0x000000546a900000)]
  0x000001db27cd8f00 JavaThread "Unconstrained build operations Thread 14" [_thread_blocked, id=79280, stack(0x0000005469600000,0x0000005469700000)]
  0x000001db27cd9920 JavaThread "Unconstrained build operations Thread 15" [_thread_blocked, id=101160, stack(0x0000005469700000,0x0000005469800000)]
  0x000001db27cdad60 JavaThread "Unconstrained build operations Thread 16" [_thread_blocked, id=70020, stack(0x000000546a900000,0x000000546aa00000)]
  0x000001db27cdb270 JavaThread "Unconstrained build operations Thread 17" [_thread_blocked, id=71496, stack(0x000000546aa00000,0x000000546ab00000)]
  0x000001db27cd84e0 JavaThread "Unconstrained build operations Thread 18" [_thread_blocked, id=100300, stack(0x000000546ab00000,0x000000546ac00000)]
  0x000001db27cd9410 JavaThread "Unconstrained build operations Thread 19" [_thread_blocked, id=96956, stack(0x000000546ac00000,0x000000546ad00000)]
  0x000001db27cdb780 JavaThread "Unconstrained build operations Thread 20" [_thread_blocked, id=96032, stack(0x000000546ad00000,0x000000546ae00000)]

Other Threads:
  0x000001dadb702210 VMThread "VM Thread" [stack: 0x0000005466800000,0x0000005466900000] [id=99416]
  0x000001dab894f750 WatcherThread [stack: 0x0000005467400000,0x0000005467500000] [id=101944]
  0x000001dab8932f60 GCTaskThread "GC Thread#0" [stack: 0x0000005466300000,0x0000005466400000] [id=101704]
  0x000001db216c57d0 GCTaskThread "GC Thread#1" [stack: 0x0000005467700000,0x0000005467800000] [id=101664]
  0x000001db21a29c10 GCTaskThread "GC Thread#2" [stack: 0x0000005467800000,0x0000005467900000] [id=100932]
  0x000001db21a29ed0 GCTaskThread "GC Thread#3" [stack: 0x0000005467900000,0x0000005467a00000] [id=93788]
  0x000001db2149c8d0 GCTaskThread "GC Thread#4" [stack: 0x0000005467a00000,0x0000005467b00000] [id=91872]
  0x000001db214d1140 GCTaskThread "GC Thread#5" [stack: 0x0000005467b00000,0x0000005467c00000] [id=95884]
  0x000001db214d00c0 GCTaskThread "GC Thread#6" [stack: 0x0000005467c00000,0x0000005467d00000] [id=99728]
  0x000001db214d1400 GCTaskThread "GC Thread#7" [stack: 0x0000005467d00000,0x0000005467e00000] [id=93632]
  0x000001dab89460b0 ConcurrentGCThread "G1 Main Marker" [stack: 0x0000005466400000,0x0000005466500000] [id=101708]
  0x000001dab89469d0 ConcurrentGCThread "G1 Conc#0" [stack: 0x0000005466500000,0x0000005466600000] [id=101712]
  0x000001db214cf880 ConcurrentGCThread "G1 Conc#1" [stack: 0x0000005468d00000,0x0000005468e00000] [id=97592]
  0x000001dab898e210 ConcurrentGCThread "G1 Refine#0" [stack: 0x0000005466600000,0x0000005466700000] [id=101716]
  0x000001db269833e0 ConcurrentGCThread "G1 Refine#1" [stack: 0x000000546b000000,0x000000546b100000] [id=101196]
  0x000001db269839c0 ConcurrentGCThread "G1 Refine#2" [stack: 0x000000546b100000,0x000000546b200000] [id=99480]
  0x000001db26983cb0 ConcurrentGCThread "G1 Refine#3" [stack: 0x000000546b200000,0x000000546b300000] [id=102208]
  0x000001db26984b60 ConcurrentGCThread "G1 Refine#4" [stack: 0x000000546b300000,0x000000546b400000] [id=100876]
  0x000001dab898eb50 ConcurrentGCThread "G1 Service" [stack: 0x0000005466700000,0x0000005466800000] [id=101760]

Threads with active compile tasks:
C2 CompilerThread0    44191 9973       4       org.objectweb.asm.ClassWriter::toByteArray (1535 bytes)

VM state: not at safepoint (normal execution)

VM Mutex/Monitor currently owned by a thread: None

Heap address: 0x0000000700000000, size: 4096 MB, Compressed Oops mode: Zero based, Oop shift amount: 3

CDS archive(s) mapped at: [0x000001dadc000000-0x000001dadcbd0000-0x000001dadcbd0000), size 12386304, SharedBaseAddress: 0x000001dadc000000, ArchiveRelocationMode: 1.
Compressed class space mapped at: 0x000001dadd000000-0x000001db1d000000, reserved size: 1073741824
Narrow klass base: 0x000001dadc000000, Narrow klass shift: 0, Narrow klass range: 0x100000000

GC Precious Log:
 CPUs: 8 total, 8 available
 Memory: 32464M
 Large Page Support: Disabled
 NUMA Support: Disabled
 Compressed Oops: Enabled (Zero based)
 Heap Region Size: 2M
 Heap Min Capacity: 8M
 Heap Initial Capacity: 508M
 Heap Max Capacity: 4G
 Pre-touch: Disabled
 Parallel Workers: 8
 Concurrent Workers: 2
 Concurrent Refinement Workers: 8
 Periodic GC: Disabled

Heap:
 garbage-first heap   total 643072K, used 325699K [0x0000000700000000, 0x0000000800000000)
  region size 2048K, 75 young (153600K), 11 survivors (22528K)
 Metaspace       used 52500K, committed 53120K, reserved 1114112K
  class space    used 7160K, committed 7424K, reserved 1048576K

Heap Regions: E=young(eden), S=young(survivor), O=old, HS=humongous(starts), HC=humongous(continues), CS=collection set, F=free, OA=open archive, CA=closed archive, TAMS=top-at-mark-start (previous, next)
|   0|0x0000000700000000, 0x0000000700200000, 0x0000000700200000|100%|HS|  |TAMS 0x0000000700200000, 0x0000000700000000| Complete 
|   1|0x0000000700200000, 0x0000000700400000, 0x0000000700400000|100%|HC|  |TAMS 0x0000000700400000, 0x0000000700200000| Complete 
|   2|0x0000000700400000, 0x0000000700600000, 0x0000000700600000|100%| O|  |TAMS 0x0000000700600000, 0x0000000700400000| Untracked 
|   3|0x0000000700600000, 0x0000000700800000, 0x0000000700800000|100%| O|  |TAMS 0x0000000700800000, 0x0000000700600000| Untracked 
|   4|0x0000000700800000, 0x0000000700a00000, 0x0000000700a00000|100%| O|  |TAMS 0x0000000700a00000, 0x0000000700800000| Untracked 
|   5|0x0000000700a00000, 0x0000000700c00000, 0x0000000700c00000|100%| O|  |TAMS 0x0000000700c00000, 0x0000000700a00000| Untracked 
|   6|0x0000000700c00000, 0x0000000700e00000, 0x0000000700e00000|100%|HS|  |TAMS 0x0000000700e00000, 0x0000000700c00000| Complete 
|   7|0x0000000700e00000, 0x0000000701000000, 0x0000000701000000|100%|HC|  |TAMS 0x0000000701000000, 0x0000000700e00000| Complete 
|   8|0x0000000701000000, 0x0000000701200000, 0x0000000701200000|100%|HC|  |TAMS 0x0000000701200000, 0x0000000701000000| Complete 
|   9|0x0000000701200000, 0x0000000701400000, 0x0000000701400000|100%|HS|  |TAMS 0x0000000701400000, 0x0000000701200000| Complete 
|  10|0x0000000701400000, 0x0000000701600000, 0x0000000701600000|100%|HC|  |TAMS 0x0000000701600000, 0x0000000701400000| Complete 
|  11|0x0000000701600000, 0x0000000701800000, 0x0000000701800000|100%|HS|  |TAMS 0x0000000701800000, 0x0000000701600000| Complete 
|  12|0x0000000701800000, 0x0000000701a00000, 0x0000000701a00000|100%|HS|  |TAMS 0x0000000701a00000, 0x0000000701800000| Complete 
|  13|0x0000000701a00000, 0x0000000701c00000, 0x0000000701c00000|100%|HC|  |TAMS 0x0000000701c00000, 0x0000000701a00000| Complete 
|  14|0x0000000701c00000, 0x0000000701e00000, 0x0000000701e00000|100%|HC|  |TAMS 0x0000000701e00000, 0x0000000701c00000| Complete 
|  15|0x0000000701e00000, 0x0000000702000000, 0x0000000702000000|100%|HS|  |TAMS 0x0000000702000000, 0x0000000701e00000| Complete 
|  16|0x0000000702000000, 0x0000000702200000, 0x0000000702200000|100%|HC|  |TAMS 0x0000000702200000, 0x0000000702000000| Complete 
|  17|0x0000000702200000, 0x0000000702400000, 0x0000000702400000|100%|HS|  |TAMS 0x0000000702400000, 0x0000000702200000| Complete 
|  18|0x0000000702400000, 0x0000000702600000, 0x0000000702600000|100%| O|  |TAMS 0x0000000702600000, 0x0000000702400000| Untracked 
|  19|0x0000000702600000, 0x0000000702800000, 0x0000000702800000|100%| O|  |TAMS 0x0000000702800000, 0x0000000702600000| Untracked 
|  20|0x0000000702800000, 0x0000000702a00000, 0x0000000702a00000|100%| O|  |TAMS 0x000000070289fc00, 0x0000000702800000| Untracked 
|  21|0x0000000702a00000, 0x0000000702c00000, 0x0000000702c00000|100%| O|  |TAMS 0x0000000702a00000, 0x0000000702a00000| Untracked 
|  22|0x0000000702c00000, 0x0000000702e00000, 0x0000000702e00000|100%| O|  |TAMS 0x0000000702c00000, 0x0000000702c00000| Untracked 
|  23|0x0000000702e00000, 0x0000000703000000, 0x0000000703000000|100%| O|  |TAMS 0x0000000702e00000, 0x0000000702e00000| Untracked 
|  24|0x0000000703000000, 0x0000000703200000, 0x0000000703200000|100%| O|  |TAMS 0x0000000703200000, 0x0000000703000000| Untracked 
|  25|0x0000000703200000, 0x0000000703400000, 0x0000000703400000|100%| O|  |TAMS 0x0000000703400000, 0x0000000703200000| Untracked 
|  26|0x0000000703400000, 0x0000000703600000, 0x0000000703600000|100%| O|  |TAMS 0x0000000703400000, 0x0000000703400000| Untracked 
|  27|0x0000000703600000, 0x0000000703800000, 0x0000000703800000|100%| O|  |TAMS 0x0000000703600000, 0x0000000703600000| Untracked 
|  28|0x0000000703800000, 0x0000000703a00000, 0x0000000703a00000|100%| O|  |TAMS 0x0000000703800000, 0x0000000703800000| Untracked 
|  29|0x0000000703a00000, 0x0000000703c00000, 0x0000000703c00000|100%| O|  |TAMS 0x0000000703a00000, 0x0000000703a00000| Untracked 
|  30|0x0000000703c00000, 0x0000000703e00000, 0x0000000703e00000|100%| O|  |TAMS 0x0000000703c00000, 0x0000000703c00000| Untracked 
|  31|0x0000000703e00000, 0x0000000704000000, 0x0000000704000000|100%| O|  |TAMS 0x0000000703e00000, 0x0000000703e00000| Untracked 
|  32|0x0000000704000000, 0x0000000704200000, 0x0000000704200000|100%| O|  |TAMS 0x0000000704000000, 0x0000000704000000| Untracked 
|  33|0x0000000704200000, 0x0000000704400000, 0x0000000704400000|100%| O|  |TAMS 0x0000000704200000, 0x0000000704200000| Untracked 
|  34|0x0000000704400000, 0x0000000704600000, 0x0000000704600000|100%| O|  |TAMS 0x0000000704400000, 0x0000000704400000| Untracked 
|  35|0x0000000704600000, 0x0000000704800000, 0x0000000704800000|100%| O|  |TAMS 0x0000000704600000, 0x0000000704600000| Untracked 
|  36|0x0000000704800000, 0x0000000704a00000, 0x0000000704a00000|100%| O|  |TAMS 0x0000000704800000, 0x0000000704800000| Untracked 
|  37|0x0000000704a00000, 0x0000000704c00000, 0x0000000704c00000|100%| O|  |TAMS 0x0000000704a00000, 0x0000000704a00000| Untracked 
|  38|0x0000000704c00000, 0x0000000704e00000, 0x0000000704e00000|100%| O|  |TAMS 0x0000000704c00000, 0x0000000704c00000| Untracked 
|  39|0x0000000704e00000, 0x0000000705000000, 0x0000000705000000|100%| O|  |TAMS 0x0000000704e00000, 0x0000000704e00000| Untracked 
|  40|0x0000000705000000, 0x0000000705200000, 0x0000000705200000|100%| O|  |TAMS 0x0000000705000000, 0x0000000705000000| Untracked 
|  41|0x0000000705200000, 0x0000000705400000, 0x0000000705400000|100%| O|  |TAMS 0x0000000705200000, 0x0000000705200000| Untracked 
|  42|0x0000000705400000, 0x0000000705600000, 0x0000000705600000|100%| O|  |TAMS 0x0000000705400000, 0x0000000705400000| Untracked 
|  43|0x0000000705600000, 0x0000000705800000, 0x0000000705800000|100%| O|  |TAMS 0x0000000705600000, 0x0000000705600000| Untracked 
|  44|0x0000000705800000, 0x0000000705a00000, 0x0000000705a00000|100%| O|  |TAMS 0x0000000705800000, 0x0000000705800000| Untracked 
|  45|0x0000000705a00000, 0x0000000705c00000, 0x0000000705c00000|100%| O|  |TAMS 0x0000000705a00000, 0x0000000705a00000| Untracked 
|  46|0x0000000705c00000, 0x0000000705e00000, 0x0000000705e00000|100%| O|  |TAMS 0x0000000705c00000, 0x0000000705c00000| Untracked 
|  47|0x0000000705e00000, 0x0000000706000000, 0x0000000706000000|100%| O|  |TAMS 0x0000000705e00000, 0x0000000705e00000| Untracked 
|  48|0x0000000706000000, 0x0000000706200000, 0x0000000706200000|100%| O|  |TAMS 0x0000000706000000, 0x0000000706000000| Untracked 
|  49|0x0000000706200000, 0x0000000706400000, 0x0000000706400000|100%| O|  |TAMS 0x0000000706200000, 0x0000000706200000| Untracked 
|  50|0x0000000706400000, 0x0000000706600000, 0x0000000706600000|100%| O|  |TAMS 0x0000000706400000, 0x0000000706400000| Untracked 
|  51|0x0000000706600000, 0x0000000706800000, 0x0000000706800000|100%| O|  |TAMS 0x0000000706600000, 0x0000000706600000| Untracked 
|  52|0x0000000706800000, 0x0000000706a00000, 0x0000000706a00000|100%| O|  |TAMS 0x0000000706800000, 0x0000000706800000| Untracked 
|  53|0x0000000706a00000, 0x0000000706c00000, 0x0000000706c00000|100%| O|  |TAMS 0x0000000706a00000, 0x0000000706a00000| Untracked 
|  54|0x0000000706c00000, 0x0000000706e00000, 0x0000000706e00000|100%| O|  |TAMS 0x0000000706c00000, 0x0000000706c00000| Untracked 
|  55|0x0000000706e00000, 0x0000000707000000, 0x0000000707000000|100%| O|  |TAMS 0x0000000706e00000, 0x0000000706e00000| Untracked 
|  56|0x0000000707000000, 0x0000000707200000, 0x0000000707200000|100%| O|  |TAMS 0x0000000707000000, 0x0000000707000000| Untracked 
|  57|0x0000000707200000, 0x0000000707400000, 0x0000000707400000|100%| O|  |TAMS 0x0000000707200000, 0x0000000707200000| Untracked 
|  58|0x0000000707400000, 0x0000000707600000, 0x0000000707600000|100%| O|  |TAMS 0x0000000707400000, 0x0000000707400000| Untracked 
|  59|0x0000000707600000, 0x0000000707800000, 0x0000000707800000|100%| O|  |TAMS 0x0000000707600000, 0x0000000707600000| Untracked 
|  60|0x0000000707800000, 0x0000000707a00000, 0x0000000707a00000|100%| O|  |TAMS 0x0000000707800000, 0x0000000707800000| Untracked 
|  61|0x0000000707a00000, 0x0000000707c00000, 0x0000000707c00000|100%| O|  |TAMS 0x0000000707a00000, 0x0000000707a00000| Untracked 
|  62|0x0000000707c00000, 0x0000000707e00000, 0x0000000707e00000|100%| O|  |TAMS 0x0000000707c00000, 0x0000000707c00000| Untracked 
|  63|0x0000000707e00000, 0x0000000708000000, 0x0000000708000000|100%| O|  |TAMS 0x0000000707e00000, 0x0000000707e00000| Untracked 
|  64|0x0000000708000000, 0x0000000708200000, 0x0000000708200000|100%| O|  |TAMS 0x0000000708000000, 0x0000000708000000| Untracked 
|  65|0x0000000708200000, 0x0000000708400000, 0x0000000708400000|100%| O|  |TAMS 0x0000000708200000, 0x0000000708200000| Untracked 
|  66|0x0000000708400000, 0x0000000708600000, 0x0000000708600000|100%| O|  |TAMS 0x0000000708400000, 0x0000000708400000| Untracked 
|  67|0x0000000708600000, 0x0000000708800000, 0x0000000708800000|100%| O|  |TAMS 0x0000000708600000, 0x0000000708600000| Untracked 
|  68|0x0000000708800000, 0x0000000708a00000, 0x0000000708a00000|100%| O|  |TAMS 0x0000000708800000, 0x0000000708800000| Untracked 
|  69|0x0000000708a00000, 0x0000000708c00000, 0x0000000708c00000|100%| O|  |TAMS 0x0000000708a00000, 0x0000000708a00000| Untracked 
|  70|0x0000000708c00000, 0x0000000708e00000, 0x0000000708e00000|100%| O|  |TAMS 0x0000000708c00000, 0x0000000708c00000| Untracked 
|  71|0x0000000708e00000, 0x0000000709000000, 0x0000000709000000|100%| O|  |TAMS 0x0000000708e00000, 0x0000000708e00000| Untracked 
|  72|0x0000000709000000, 0x0000000709200000, 0x0000000709200000|100%| O|  |TAMS 0x0000000709000000, 0x0000000709000000| Untracked 
|  73|0x0000000709200000, 0x0000000709354800, 0x0000000709400000| 66%| O|  |TAMS 0x0000000709200000, 0x0000000709200000| Untracked 
|  74|0x0000000709400000, 0x0000000709600000, 0x0000000709600000|100%|HS|  |TAMS 0x0000000709400000, 0x0000000709400000| Complete 
|  75|0x0000000709600000, 0x0000000709600000, 0x0000000709800000|  0%| F|  |TAMS 0x0000000709600000, 0x0000000709600000| Untracked 
|  76|0x0000000709800000, 0x0000000709800000, 0x0000000709a00000|  0%| F|  |TAMS 0x0000000709800000, 0x0000000709800000| Untracked 
|  77|0x0000000709a00000, 0x0000000709a00000, 0x0000000709c00000|  0%| F|  |TAMS 0x0000000709a00000, 0x0000000709a00000| Untracked 
|  78|0x0000000709c00000, 0x0000000709e00000, 0x0000000709e00000|100%|HS|  |TAMS 0x0000000709c00000, 0x0000000709c00000| Complete 
|  79|0x0000000709e00000, 0x000000070a000000, 0x000000070a000000|100%|HC|  |TAMS 0x0000000709e00000, 0x0000000709e00000| Complete 
|  80|0x000000070a000000, 0x000000070a200000, 0x000000070a200000|100%|HC|  |TAMS 0x000000070a000000, 0x000000070a000000| Complete 
|  81|0x000000070a200000, 0x000000070a400000, 0x000000070a400000|100%|HS|  |TAMS 0x000000070a200000, 0x000000070a200000| Complete 
|  82|0x000000070a400000, 0x000000070a600000, 0x000000070a600000|100%|HC|  |TAMS 0x000000070a400000, 0x000000070a400000| Complete 
|  83|0x000000070a600000, 0x000000070a800000, 0x000000070a800000|100%|HC|  |TAMS 0x000000070a600000, 0x000000070a600000| Complete 
|  84|0x000000070a800000, 0x000000070a800000, 0x000000070aa00000|  0%| F|  |TAMS 0x000000070a800000, 0x000000070a800000| Untracked 
|  85|0x000000070aa00000, 0x000000070aa00000, 0x000000070ac00000|  0%| F|  |TAMS 0x000000070aa00000, 0x000000070aa00000| Untracked 
|  86|0x000000070ac00000, 0x000000070ac00000, 0x000000070ae00000|  0%| F|  |TAMS 0x000000070ac00000, 0x000000070ac00000| Untracked 
|  87|0x000000070ae00000, 0x000000070ae00000, 0x000000070b000000|  0%| F|  |TAMS 0x000000070ae00000, 0x000000070ae00000| Untracked 
|  88|0x000000070b000000, 0x000000070b000000, 0x000000070b200000|  0%| F|  |TAMS 0x000000070b000000, 0x000000070b000000| Untracked 
|  89|0x000000070b200000, 0x000000070b200000, 0x000000070b400000|  0%| F|  |TAMS 0x000000070b200000, 0x000000070b200000| Untracked 
|  90|0x000000070b400000, 0x000000070b400000, 0x000000070b600000|  0%| F|  |TAMS 0x000000070b400000, 0x000000070b400000| Untracked 
|  91|0x000000070b600000, 0x000000070b600000, 0x000000070b800000|  0%| F|  |TAMS 0x000000070b600000, 0x000000070b600000| Untracked 
|  92|0x000000070b800000, 0x000000070b800000, 0x000000070ba00000|  0%| F|  |TAMS 0x000000070b800000, 0x000000070b800000| Untracked 
|  93|0x000000070ba00000, 0x000000070ba00000, 0x000000070bc00000|  0%| F|  |TAMS 0x000000070ba00000, 0x000000070ba00000| Untracked 
|  94|0x000000070bc00000, 0x000000070bc00000, 0x000000070be00000|  0%| F|  |TAMS 0x000000070bc00000, 0x000000070bc00000| Untracked 
|  95|0x000000070be00000, 0x000000070be00000, 0x000000070c000000|  0%| F|  |TAMS 0x000000070be00000, 0x000000070be00000| Untracked 
|  96|0x000000070c000000, 0x000000070c000000, 0x000000070c200000|  0%| F|  |TAMS 0x000000070c000000, 0x000000070c000000| Untracked 
|  97|0x000000070c200000, 0x000000070c200000, 0x000000070c400000|  0%| F|  |TAMS 0x000000070c200000, 0x000000070c200000| Untracked 
|  98|0x000000070c400000, 0x000000070c400000, 0x000000070c600000|  0%| F|  |TAMS 0x000000070c400000, 0x000000070c400000| Untracked 
|  99|0x000000070c600000, 0x000000070c600000, 0x000000070c800000|  0%| F|  |TAMS 0x000000070c600000, 0x000000070c600000| Untracked 
| 100|0x000000070c800000, 0x000000070c800000, 0x000000070ca00000|  0%| F|  |TAMS 0x000000070c800000, 0x000000070c800000| Untracked 
| 101|0x000000070ca00000, 0x000000070ca00000, 0x000000070cc00000|  0%| F|  |TAMS 0x000000070ca00000, 0x000000070ca00000| Untracked 
| 102|0x000000070cc00000, 0x000000070cc00000, 0x000000070ce00000|  0%| F|  |TAMS 0x000000070cc00000, 0x000000070cc00000| Untracked 
| 103|0x000000070ce00000, 0x000000070ce00000, 0x000000070d000000|  0%| F|  |TAMS 0x000000070ce00000, 0x000000070ce00000| Untracked 
| 104|0x000000070d000000, 0x000000070d000000, 0x000000070d200000|  0%| F|  |TAMS 0x000000070d000000, 0x000000070d000000| Untracked 
| 105|0x000000070d200000, 0x000000070d200000, 0x000000070d400000|  0%| F|  |TAMS 0x000000070d200000, 0x000000070d200000| Untracked 
| 106|0x000000070d400000, 0x000000070d400000, 0x000000070d600000|  0%| F|  |TAMS 0x000000070d400000, 0x000000070d400000| Untracked 
| 107|0x000000070d600000, 0x000000070d600000, 0x000000070d800000|  0%| F|  |TAMS 0x000000070d600000, 0x000000070d600000| Untracked 
| 108|0x000000070d800000, 0x000000070d800000, 0x000000070da00000|  0%| F|  |TAMS 0x000000070d800000, 0x000000070d800000| Untracked 
| 109|0x000000070da00000, 0x000000070da00000, 0x000000070dc00000|  0%| F|  |TAMS 0x000000070da00000, 0x000000070da00000| Untracked 
| 110|0x000000070dc00000, 0x000000070dc00000, 0x000000070de00000|  0%| F|  |TAMS 0x000000070dc00000, 0x000000070dc00000| Untracked 
| 111|0x000000070de00000, 0x000000070de00000, 0x000000070e000000|  0%| F|  |TAMS 0x000000070de00000, 0x000000070de00000| Untracked 
| 112|0x000000070e000000, 0x000000070e000000, 0x000000070e200000|  0%| F|  |TAMS 0x000000070e000000, 0x000000070e000000| Untracked 
| 113|0x000000070e200000, 0x000000070e200000, 0x000000070e400000|  0%| F|  |TAMS 0x000000070e200000, 0x000000070e200000| Untracked 
| 114|0x000000070e400000, 0x000000070e400000, 0x000000070e600000|  0%| F|  |TAMS 0x000000070e400000, 0x000000070e400000| Untracked 
| 115|0x000000070e600000, 0x000000070e600000, 0x000000070e800000|  0%| F|  |TAMS 0x000000070e600000, 0x000000070e600000| Untracked 
| 116|0x000000070e800000, 0x000000070e800000, 0x000000070ea00000|  0%| F|  |TAMS 0x000000070e800000, 0x000000070e800000| Untracked 
| 117|0x000000070ea00000, 0x000000070ea00000, 0x000000070ec00000|  0%| F|  |TAMS 0x000000070ea00000, 0x000000070ea00000| Untracked 
| 118|0x000000070ec00000, 0x000000070ec00000, 0x000000070ee00000|  0%| F|  |TAMS 0x000000070ec00000, 0x000000070ec00000| Untracked 
| 119|0x000000070ee00000, 0x000000070eebc640, 0x000000070f000000| 36%| S|CS|TAMS 0x000000070ee00000, 0x000000070ee00000| Complete 
| 120|0x000000070f000000, 0x000000070f200000, 0x000000070f200000|100%| S|CS|TAMS 0x000000070f000000, 0x000000070f000000| Complete 
| 121|0x000000070f200000, 0x000000070f400000, 0x000000070f400000|100%| S|CS|TAMS 0x000000070f200000, 0x000000070f200000| Complete 
| 122|0x000000070f400000, 0x000000070f400000, 0x000000070f600000|  0%| F|  |TAMS 0x000000070f400000, 0x000000070f400000| Untracked 
| 123|0x000000070f600000, 0x000000070f600000, 0x000000070f800000|  0%| F|  |TAMS 0x000000070f600000, 0x000000070f600000| Untracked 
| 124|0x000000070f800000, 0x000000070fa00000, 0x000000070fa00000|100%| S|CS|TAMS 0x000000070f800000, 0x000000070f800000| Complete 
| 125|0x000000070fa00000, 0x000000070fc00000, 0x000000070fc00000|100%| S|CS|TAMS 0x000000070fa00000, 0x000000070fa00000| Complete 
| 126|0x000000070fc00000, 0x000000070fe00000, 0x000000070fe00000|100%| S|CS|TAMS 0x000000070fc00000, 0x000000070fc00000| Complete 
| 127|0x000000070fe00000, 0x000000070fe00000, 0x0000000710000000|  0%| F|  |TAMS 0x000000070fe00000, 0x000000070fe00000| Untracked 
| 128|0x0000000710000000, 0x0000000710200000, 0x0000000710200000|100%| S|CS|TAMS 0x0000000710000000, 0x0000000710000000| Complete 
| 129|0x0000000710200000, 0x0000000710400000, 0x0000000710400000|100%| S|CS|TAMS 0x0000000710200000, 0x0000000710200000| Complete 
| 130|0x0000000710400000, 0x0000000710600000, 0x0000000710600000|100%| S|CS|TAMS 0x0000000710400000, 0x0000000710400000| Complete 
| 131|0x0000000710600000, 0x0000000710800000, 0x0000000710800000|100%| S|CS|TAMS 0x0000000710600000, 0x0000000710600000| Complete 
| 132|0x0000000710800000, 0x0000000710a00000, 0x0000000710a00000|100%| S|CS|TAMS 0x0000000710800000, 0x0000000710800000| Complete 
| 133|0x0000000710a00000, 0x0000000710a00000, 0x0000000710c00000|  0%| F|  |TAMS 0x0000000710a00000, 0x0000000710a00000| Untracked 
| 134|0x0000000710c00000, 0x0000000710c00000, 0x0000000710e00000|  0%| F|  |TAMS 0x0000000710c00000, 0x0000000710c00000| Untracked 
| 135|0x0000000710e00000, 0x0000000710e00000, 0x0000000711000000|  0%| F|  |TAMS 0x0000000710e00000, 0x0000000710e00000| Untracked 
| 136|0x0000000711000000, 0x0000000711000000, 0x0000000711200000|  0%| F|  |TAMS 0x0000000711000000, 0x0000000711000000| Untracked 
| 137|0x0000000711200000, 0x0000000711200000, 0x0000000711400000|  0%| F|  |TAMS 0x0000000711200000, 0x0000000711200000| Untracked 
| 138|0x0000000711400000, 0x0000000711400000, 0x0000000711600000|  0%| F|  |TAMS 0x0000000711400000, 0x0000000711400000| Untracked 
| 139|0x0000000711600000, 0x0000000711600000, 0x0000000711800000|  0%| F|  |TAMS 0x0000000711600000, 0x0000000711600000| Untracked 
| 140|0x0000000711800000, 0x0000000711800000, 0x0000000711a00000|  0%| F|  |TAMS 0x0000000711800000, 0x0000000711800000| Untracked 
| 141|0x0000000711a00000, 0x0000000711a00000, 0x0000000711c00000|  0%| F|  |TAMS 0x0000000711a00000, 0x0000000711a00000| Untracked 
| 142|0x0000000711c00000, 0x0000000711c00000, 0x0000000711e00000|  0%| F|  |TAMS 0x0000000711c00000, 0x0000000711c00000| Untracked 
| 143|0x0000000711e00000, 0x0000000711e00000, 0x0000000712000000|  0%| F|  |TAMS 0x0000000711e00000, 0x0000000711e00000| Untracked 
| 144|0x0000000712000000, 0x0000000712000000, 0x0000000712200000|  0%| F|  |TAMS 0x0000000712000000, 0x0000000712000000| Untracked 
| 145|0x0000000712200000, 0x0000000712200000, 0x0000000712400000|  0%| F|  |TAMS 0x0000000712200000, 0x0000000712200000| Untracked 
| 146|0x0000000712400000, 0x0000000712400000, 0x0000000712600000|  0%| F|  |TAMS 0x0000000712400000, 0x0000000712400000| Untracked 
| 147|0x0000000712600000, 0x0000000712600000, 0x0000000712800000|  0%| F|  |TAMS 0x0000000712600000, 0x0000000712600000| Untracked 
| 148|0x0000000712800000, 0x0000000712800000, 0x0000000712a00000|  0%| F|  |TAMS 0x0000000712800000, 0x0000000712800000| Untracked 
| 149|0x0000000712a00000, 0x0000000712a00000, 0x0000000712c00000|  0%| F|  |TAMS 0x0000000712a00000, 0x0000000712a00000| Untracked 
| 150|0x0000000712c00000, 0x0000000712c00000, 0x0000000712e00000|  0%| F|  |TAMS 0x0000000712c00000, 0x0000000712c00000| Untracked 
| 151|0x0000000712e00000, 0x0000000712e00000, 0x0000000713000000|  0%| F|  |TAMS 0x0000000712e00000, 0x0000000712e00000| Untracked 
| 152|0x0000000713000000, 0x0000000713000000, 0x0000000713200000|  0%| F|  |TAMS 0x0000000713000000, 0x0000000713000000| Untracked 
| 153|0x0000000713200000, 0x0000000713200000, 0x0000000713400000|  0%| F|  |TAMS 0x0000000713200000, 0x0000000713200000| Untracked 
| 154|0x0000000713400000, 0x0000000713400000, 0x0000000713600000|  0%| F|  |TAMS 0x0000000713400000, 0x0000000713400000| Untracked 
| 155|0x0000000713600000, 0x0000000713600000, 0x0000000713800000|  0%| F|  |TAMS 0x0000000713600000, 0x0000000713600000| Untracked 
| 156|0x0000000713800000, 0x0000000713800000, 0x0000000713a00000|  0%| F|  |TAMS 0x0000000713800000, 0x0000000713800000| Untracked 
| 157|0x0000000713a00000, 0x0000000713a00000, 0x0000000713c00000|  0%| F|  |TAMS 0x0000000713a00000, 0x0000000713a00000| Untracked 
| 158|0x0000000713c00000, 0x0000000713c00000, 0x0000000713e00000|  0%| F|  |TAMS 0x0000000713c00000, 0x0000000713c00000| Untracked 
| 159|0x0000000713e00000, 0x0000000713e00000, 0x0000000714000000|  0%| F|  |TAMS 0x0000000713e00000, 0x0000000713e00000| Untracked 
| 160|0x0000000714000000, 0x0000000714000000, 0x0000000714200000|  0%| F|  |TAMS 0x0000000714000000, 0x0000000714000000| Untracked 
| 161|0x0000000714200000, 0x0000000714200000, 0x0000000714400000|  0%| F|  |TAMS 0x0000000714200000, 0x0000000714200000| Untracked 
| 162|0x0000000714400000, 0x0000000714400000, 0x0000000714600000|  0%| F|  |TAMS 0x0000000714400000, 0x0000000714400000| Untracked 
| 163|0x0000000714600000, 0x0000000714600000, 0x0000000714800000|  0%| F|  |TAMS 0x0000000714600000, 0x0000000714600000| Untracked 
| 164|0x0000000714800000, 0x0000000714800000, 0x0000000714a00000|  0%| F|  |TAMS 0x0000000714800000, 0x0000000714800000| Untracked 
| 165|0x0000000714a00000, 0x0000000714a00000, 0x0000000714c00000|  0%| F|  |TAMS 0x0000000714a00000, 0x0000000714a00000| Untracked 
| 166|0x0000000714c00000, 0x0000000714c00000, 0x0000000714e00000|  0%| F|  |TAMS 0x0000000714c00000, 0x0000000714c00000| Untracked 
| 167|0x0000000714e00000, 0x0000000714e00000, 0x0000000715000000|  0%| F|  |TAMS 0x0000000714e00000, 0x0000000714e00000| Untracked 
| 168|0x0000000715000000, 0x0000000715000000, 0x0000000715200000|  0%| F|  |TAMS 0x0000000715000000, 0x0000000715000000| Untracked 
| 169|0x0000000715200000, 0x0000000715200000, 0x0000000715400000|  0%| F|  |TAMS 0x0000000715200000, 0x0000000715200000| Untracked 
| 170|0x0000000715400000, 0x0000000715400000, 0x0000000715600000|  0%| F|  |TAMS 0x0000000715400000, 0x0000000715400000| Untracked 
| 171|0x0000000715600000, 0x0000000715600000, 0x0000000715800000|  0%| F|  |TAMS 0x0000000715600000, 0x0000000715600000| Untracked 
| 172|0x0000000715800000, 0x0000000715800000, 0x0000000715a00000|  0%| F|  |TAMS 0x0000000715800000, 0x0000000715800000| Untracked 
| 173|0x0000000715a00000, 0x0000000715a00000, 0x0000000715c00000|  0%| F|  |TAMS 0x0000000715a00000, 0x0000000715a00000| Untracked 
| 174|0x0000000715c00000, 0x0000000715c00000, 0x0000000715e00000|  0%| F|  |TAMS 0x0000000715c00000, 0x0000000715c00000| Untracked 
| 175|0x0000000715e00000, 0x0000000715e00000, 0x0000000716000000|  0%| F|  |TAMS 0x0000000715e00000, 0x0000000715e00000| Untracked 
| 176|0x0000000716000000, 0x0000000716000000, 0x0000000716200000|  0%| F|  |TAMS 0x0000000716000000, 0x0000000716000000| Untracked 
| 177|0x0000000716200000, 0x0000000716200000, 0x0000000716400000|  0%| F|  |TAMS 0x0000000716200000, 0x0000000716200000| Untracked 
| 178|0x0000000716400000, 0x0000000716400000, 0x0000000716600000|  0%| F|  |TAMS 0x0000000716400000, 0x0000000716400000| Untracked 
| 179|0x0000000716600000, 0x0000000716600000, 0x0000000716800000|  0%| F|  |TAMS 0x0000000716600000, 0x0000000716600000| Untracked 
| 180|0x0000000716800000, 0x0000000716800000, 0x0000000716a00000|  0%| F|  |TAMS 0x0000000716800000, 0x0000000716800000| Untracked 
| 181|0x0000000716a00000, 0x0000000716a00000, 0x0000000716c00000|  0%| F|  |TAMS 0x0000000716a00000, 0x0000000716a00000| Untracked 
| 182|0x0000000716c00000, 0x0000000716c00000, 0x0000000716e00000|  0%| F|  |TAMS 0x0000000716c00000, 0x0000000716c00000| Untracked 
| 183|0x0000000716e00000, 0x0000000716e00000, 0x0000000717000000|  0%| F|  |TAMS 0x0000000716e00000, 0x0000000716e00000| Untracked 
| 184|0x0000000717000000, 0x0000000717000000, 0x0000000717200000|  0%| F|  |TAMS 0x0000000717000000, 0x0000000717000000| Untracked 
| 185|0x0000000717200000, 0x0000000717200000, 0x0000000717400000|  0%| F|  |TAMS 0x0000000717200000, 0x0000000717200000| Untracked 
| 186|0x0000000717400000, 0x0000000717400000, 0x0000000717600000|  0%| F|  |TAMS 0x0000000717400000, 0x0000000717400000| Untracked 
| 187|0x0000000717600000, 0x0000000717600000, 0x0000000717800000|  0%| F|  |TAMS 0x0000000717600000, 0x0000000717600000| Untracked 
| 188|0x0000000717800000, 0x0000000717800000, 0x0000000717a00000|  0%| F|  |TAMS 0x0000000717800000, 0x0000000717800000| Untracked 
| 189|0x0000000717a00000, 0x0000000717a00000, 0x0000000717c00000|  0%| F|  |TAMS 0x0000000717a00000, 0x0000000717a00000| Untracked 
| 190|0x0000000717c00000, 0x0000000717c00000, 0x0000000717e00000|  0%| F|  |TAMS 0x0000000717c00000, 0x0000000717c00000| Untracked 
| 191|0x0000000717e00000, 0x0000000717e00000, 0x0000000718000000|  0%| F|  |TAMS 0x0000000717e00000, 0x0000000717e00000| Untracked 
| 192|0x0000000718000000, 0x0000000718000000, 0x0000000718200000|  0%| F|  |TAMS 0x0000000718000000, 0x0000000718000000| Untracked 
| 193|0x0000000718200000, 0x0000000718200000, 0x0000000718400000|  0%| F|  |TAMS 0x0000000718200000, 0x0000000718200000| Untracked 
| 194|0x0000000718400000, 0x0000000718400000, 0x0000000718600000|  0%| F|  |TAMS 0x0000000718400000, 0x0000000718400000| Untracked 
| 195|0x0000000718600000, 0x0000000718600000, 0x0000000718800000|  0%| F|  |TAMS 0x0000000718600000, 0x0000000718600000| Untracked 
| 196|0x0000000718800000, 0x0000000718800000, 0x0000000718a00000|  0%| F|  |TAMS 0x0000000718800000, 0x0000000718800000| Untracked 
| 197|0x0000000718a00000, 0x0000000718a00000, 0x0000000718c00000|  0%| F|  |TAMS 0x0000000718a00000, 0x0000000718a00000| Untracked 
| 198|0x0000000718c00000, 0x0000000718c00000, 0x0000000718e00000|  0%| F|  |TAMS 0x0000000718c00000, 0x0000000718c00000| Untracked 
| 199|0x0000000718e00000, 0x0000000718e00000, 0x0000000719000000|  0%| F|  |TAMS 0x0000000718e00000, 0x0000000718e00000| Untracked 
| 200|0x0000000719000000, 0x0000000719000000, 0x0000000719200000|  0%| F|  |TAMS 0x0000000719000000, 0x0000000719000000| Untracked 
| 201|0x0000000719200000, 0x0000000719200000, 0x0000000719400000|  0%| F|  |TAMS 0x0000000719200000, 0x0000000719200000| Untracked 
| 202|0x0000000719400000, 0x0000000719400000, 0x0000000719600000|  0%| F|  |TAMS 0x0000000719400000, 0x0000000719400000| Untracked 
| 203|0x0000000719600000, 0x0000000719600000, 0x0000000719800000|  0%| F|  |TAMS 0x0000000719600000, 0x0000000719600000| Untracked 
| 204|0x0000000719800000, 0x0000000719800000, 0x0000000719a00000|  0%| F|  |TAMS 0x0000000719800000, 0x0000000719800000| Untracked 
| 205|0x0000000719a00000, 0x0000000719a00000, 0x0000000719c00000|  0%| F|  |TAMS 0x0000000719a00000, 0x0000000719a00000| Untracked 
| 206|0x0000000719c00000, 0x0000000719c00000, 0x0000000719e00000|  0%| F|  |TAMS 0x0000000719c00000, 0x0000000719c00000| Untracked 
| 207|0x0000000719e00000, 0x0000000719e00000, 0x000000071a000000|  0%| F|  |TAMS 0x0000000719e00000, 0x0000000719e00000| Untracked 
| 208|0x000000071a000000, 0x000000071a000000, 0x000000071a200000|  0%| F|  |TAMS 0x000000071a000000, 0x000000071a000000| Untracked 
| 209|0x000000071a200000, 0x000000071a200000, 0x000000071a400000|  0%| F|  |TAMS 0x000000071a200000, 0x000000071a200000| Untracked 
| 210|0x000000071a400000, 0x000000071a400000, 0x000000071a600000|  0%| F|  |TAMS 0x000000071a400000, 0x000000071a400000| Untracked 
| 211|0x000000071a600000, 0x000000071a600000, 0x000000071a800000|  0%| F|  |TAMS 0x000000071a600000, 0x000000071a600000| Untracked 
| 212|0x000000071a800000, 0x000000071a800000, 0x000000071aa00000|  0%| F|  |TAMS 0x000000071a800000, 0x000000071a800000| Untracked 
| 213|0x000000071aa00000, 0x000000071aa00000, 0x000000071ac00000|  0%| F|  |TAMS 0x000000071aa00000, 0x000000071aa00000| Untracked 
| 214|0x000000071ac00000, 0x000000071ac00000, 0x000000071ae00000|  0%| F|  |TAMS 0x000000071ac00000, 0x000000071ac00000| Untracked 
| 215|0x000000071ae00000, 0x000000071ae00000, 0x000000071b000000|  0%| F|  |TAMS 0x000000071ae00000, 0x000000071ae00000| Untracked 
| 216|0x000000071b000000, 0x000000071b000000, 0x000000071b200000|  0%| F|  |TAMS 0x000000071b000000, 0x000000071b000000| Untracked 
| 217|0x000000071b200000, 0x000000071b200000, 0x000000071b400000|  0%| F|  |TAMS 0x000000071b200000, 0x000000071b200000| Untracked 
| 218|0x000000071b400000, 0x000000071b400000, 0x000000071b600000|  0%| F|  |TAMS 0x000000071b400000, 0x000000071b400000| Untracked 
| 219|0x000000071b600000, 0x000000071b600000, 0x000000071b800000|  0%| F|  |TAMS 0x000000071b600000, 0x000000071b600000| Untracked 
| 220|0x000000071b800000, 0x000000071b800000, 0x000000071ba00000|  0%| F|  |TAMS 0x000000071b800000, 0x000000071b800000| Untracked 
| 221|0x000000071ba00000, 0x000000071ba00000, 0x000000071bc00000|  0%| F|  |TAMS 0x000000071ba00000, 0x000000071ba00000| Untracked 
| 222|0x000000071bc00000, 0x000000071bc00000, 0x000000071be00000|  0%| F|  |TAMS 0x000000071bc00000, 0x000000071bc00000| Untracked 
| 223|0x000000071be00000, 0x000000071be00000, 0x000000071c000000|  0%| F|  |TAMS 0x000000071be00000, 0x000000071be00000| Untracked 
| 224|0x000000071c000000, 0x000000071c000000, 0x000000071c200000|  0%| F|  |TAMS 0x000000071c000000, 0x000000071c000000| Untracked 
| 225|0x000000071c200000, 0x000000071c200000, 0x000000071c400000|  0%| F|  |TAMS 0x000000071c200000, 0x000000071c200000| Untracked 
| 226|0x000000071c400000, 0x000000071c400000, 0x000000071c600000|  0%| F|  |TAMS 0x000000071c400000, 0x000000071c400000| Untracked 
| 227|0x000000071c600000, 0x000000071c600000, 0x000000071c800000|  0%| F|  |TAMS 0x000000071c600000, 0x000000071c600000| Untracked 
| 228|0x000000071c800000, 0x000000071c800000, 0x000000071ca00000|  0%| F|  |TAMS 0x000000071c800000, 0x000000071c800000| Untracked 
| 229|0x000000071ca00000, 0x000000071ca00000, 0x000000071cc00000|  0%| F|  |TAMS 0x000000071ca00000, 0x000000071ca00000| Untracked 
| 230|0x000000071cc00000, 0x000000071cc00000, 0x000000071ce00000|  0%| F|  |TAMS 0x000000071cc00000, 0x000000071cc00000| Untracked 
| 231|0x000000071ce00000, 0x000000071ce00000, 0x000000071d000000|  0%| F|  |TAMS 0x000000071ce00000, 0x000000071ce00000| Untracked 
| 232|0x000000071d000000, 0x000000071d000000, 0x000000071d200000|  0%| F|  |TAMS 0x000000071d000000, 0x000000071d000000| Untracked 
| 233|0x000000071d200000, 0x000000071d200000, 0x000000071d400000|  0%| F|  |TAMS 0x000000071d200000, 0x000000071d200000| Untracked 
| 234|0x000000071d400000, 0x000000071d400000, 0x000000071d600000|  0%| F|  |TAMS 0x000000071d400000, 0x000000071d400000| Untracked 
| 235|0x000000071d600000, 0x000000071d600000, 0x000000071d800000|  0%| F|  |TAMS 0x000000071d600000, 0x000000071d600000| Untracked 
| 236|0x000000071d800000, 0x000000071d800000, 0x000000071da00000|  0%| F|  |TAMS 0x000000071d800000, 0x000000071d800000| Untracked 
| 237|0x000000071da00000, 0x000000071da00000, 0x000000071dc00000|  0%| F|  |TAMS 0x000000071da00000, 0x000000071da00000| Untracked 
| 238|0x000000071dc00000, 0x000000071dc00000, 0x000000071de00000|  0%| F|  |TAMS 0x000000071dc00000, 0x000000071dc00000| Untracked 
| 239|0x000000071de00000, 0x000000071de00000, 0x000000071e000000|  0%| F|  |TAMS 0x000000071de00000, 0x000000071de00000| Untracked 
| 240|0x000000071e000000, 0x000000071e000000, 0x000000071e200000|  0%| F|  |TAMS 0x000000071e000000, 0x000000071e000000| Untracked 
| 241|0x000000071e200000, 0x000000071e200000, 0x000000071e400000|  0%| F|  |TAMS 0x000000071e200000, 0x000000071e200000| Untracked 
| 242|0x000000071e400000, 0x000000071e400000, 0x000000071e600000|  0%| F|  |TAMS 0x000000071e400000, 0x000000071e400000| Untracked 
| 243|0x000000071e600000, 0x000000071e800000, 0x000000071e800000|100%| E|  |TAMS 0x000000071e600000, 0x000000071e600000| Complete 
| 244|0x000000071e800000, 0x000000071ea00000, 0x000000071ea00000|100%| E|CS|TAMS 0x000000071e800000, 0x000000071e800000| Complete 
| 245|0x000000071ea00000, 0x000000071ec00000, 0x000000071ec00000|100%| E|CS|TAMS 0x000000071ea00000, 0x000000071ea00000| Complete 
| 246|0x000000071ec00000, 0x000000071ee00000, 0x000000071ee00000|100%| E|CS|TAMS 0x000000071ec00000, 0x000000071ec00000| Complete 
| 247|0x000000071ee00000, 0x000000071f000000, 0x000000071f000000|100%| E|CS|TAMS 0x000000071ee00000, 0x000000071ee00000| Complete 
| 248|0x000000071f000000, 0x000000071f200000, 0x000000071f200000|100%| E|CS|TAMS 0x000000071f000000, 0x000000071f000000| Complete 
| 249|0x000000071f200000, 0x000000071f400000, 0x000000071f400000|100%| E|CS|TAMS 0x000000071f200000, 0x000000071f200000| Complete 
| 250|0x000000071f400000, 0x000000071f600000, 0x000000071f600000|100%| E|CS|TAMS 0x000000071f400000, 0x000000071f400000| Complete 
| 251|0x000000071f600000, 0x000000071f800000, 0x000000071f800000|100%| E|CS|TAMS 0x000000071f600000, 0x000000071f600000| Complete 
| 252|0x000000071f800000, 0x000000071fa00000, 0x000000071fa00000|100%| E|CS|TAMS 0x000000071f800000, 0x000000071f800000| Complete 
| 253|0x000000071fa00000, 0x000000071fc00000, 0x000000071fc00000|100%| E|CS|TAMS 0x000000071fa00000, 0x000000071fa00000| Complete 
| 254|0x000000071fc00000, 0x000000071fe00000, 0x000000071fe00000|100%| E|CS|TAMS 0x000000071fc00000, 0x000000071fc00000| Complete 
| 255|0x000000071fe00000, 0x0000000720000000, 0x0000000720000000|100%| E|CS|TAMS 0x000000071fe00000, 0x000000071fe00000| Complete 
| 256|0x0000000720000000, 0x0000000720200000, 0x0000000720200000|100%| E|CS|TAMS 0x0000000720000000, 0x0000000720000000| Complete 
| 257|0x0000000720200000, 0x0000000720400000, 0x0000000720400000|100%| E|CS|TAMS 0x0000000720200000, 0x0000000720200000| Complete 
| 258|0x0000000720400000, 0x0000000720600000, 0x0000000720600000|100%| E|CS|TAMS 0x0000000720400000, 0x0000000720400000| Complete 
| 259|0x0000000720600000, 0x0000000720800000, 0x0000000720800000|100%| E|CS|TAMS 0x0000000720600000, 0x0000000720600000| Complete 
| 260|0x0000000720800000, 0x0000000720a00000, 0x0000000720a00000|100%| E|CS|TAMS 0x0000000720800000, 0x0000000720800000| Complete 
| 261|0x0000000720a00000, 0x0000000720c00000, 0x0000000720c00000|100%| E|CS|TAMS 0x0000000720a00000, 0x0000000720a00000| Complete 
| 262|0x0000000720c00000, 0x0000000720e00000, 0x0000000720e00000|100%| E|CS|TAMS 0x0000000720c00000, 0x0000000720c00000| Complete 
| 263|0x0000000720e00000, 0x0000000721000000, 0x0000000721000000|100%| E|CS|TAMS 0x0000000720e00000, 0x0000000720e00000| Complete 
| 264|0x0000000721000000, 0x0000000721200000, 0x0000000721200000|100%| E|CS|TAMS 0x0000000721000000, 0x0000000721000000| Complete 
| 265|0x0000000721200000, 0x0000000721400000, 0x0000000721400000|100%| E|CS|TAMS 0x0000000721200000, 0x0000000721200000| Complete 
| 266|0x0000000721400000, 0x0000000721600000, 0x0000000721600000|100%| E|CS|TAMS 0x0000000721400000, 0x0000000721400000| Complete 
| 267|0x0000000721600000, 0x0000000721800000, 0x0000000721800000|100%| E|CS|TAMS 0x0000000721600000, 0x0000000721600000| Complete 
| 268|0x0000000721800000, 0x0000000721a00000, 0x0000000721a00000|100%| E|CS|TAMS 0x0000000721800000, 0x0000000721800000| Complete 
| 269|0x0000000721a00000, 0x0000000721c00000, 0x0000000721c00000|100%| E|CS|TAMS 0x0000000721a00000, 0x0000000721a00000| Complete 
| 270|0x0000000721c00000, 0x0000000721e00000, 0x0000000721e00000|100%| E|CS|TAMS 0x0000000721c00000, 0x0000000721c00000| Complete 
| 271|0x0000000721e00000, 0x0000000722000000, 0x0000000722000000|100%| E|CS|TAMS 0x0000000721e00000, 0x0000000721e00000| Complete 
| 272|0x0000000722000000, 0x0000000722200000, 0x0000000722200000|100%| E|CS|TAMS 0x0000000722000000, 0x0000000722000000| Complete 
| 273|0x0000000722200000, 0x0000000722400000, 0x0000000722400000|100%| E|CS|TAMS 0x0000000722200000, 0x0000000722200000| Complete 
| 274|0x0000000722400000, 0x0000000722600000, 0x0000000722600000|100%| E|CS|TAMS 0x0000000722400000, 0x0000000722400000| Complete 
| 275|0x0000000722600000, 0x0000000722800000, 0x0000000722800000|100%| E|CS|TAMS 0x0000000722600000, 0x0000000722600000| Complete 
| 276|0x0000000722800000, 0x0000000722a00000, 0x0000000722a00000|100%| E|CS|TAMS 0x0000000722800000, 0x0000000722800000| Complete 
| 277|0x0000000722a00000, 0x0000000722c00000, 0x0000000722c00000|100%| E|CS|TAMS 0x0000000722a00000, 0x0000000722a00000| Complete 
| 278|0x0000000722c00000, 0x0000000722e00000, 0x0000000722e00000|100%| E|CS|TAMS 0x0000000722c00000, 0x0000000722c00000| Complete 
| 279|0x0000000722e00000, 0x0000000723000000, 0x0000000723000000|100%| E|CS|TAMS 0x0000000722e00000, 0x0000000722e00000| Complete 
| 280|0x0000000723000000, 0x0000000723200000, 0x0000000723200000|100%| E|CS|TAMS 0x0000000723000000, 0x0000000723000000| Complete 
| 281|0x0000000723200000, 0x0000000723400000, 0x0000000723400000|100%| E|CS|TAMS 0x0000000723200000, 0x0000000723200000| Complete 
| 282|0x0000000723400000, 0x0000000723600000, 0x0000000723600000|100%| E|CS|TAMS 0x0000000723400000, 0x0000000723400000| Complete 
| 283|0x0000000723600000, 0x0000000723800000, 0x0000000723800000|100%| E|CS|TAMS 0x0000000723600000, 0x0000000723600000| Complete 
| 284|0x0000000723800000, 0x0000000723a00000, 0x0000000723a00000|100%| E|CS|TAMS 0x0000000723800000, 0x0000000723800000| Complete 
| 285|0x0000000723a00000, 0x0000000723c00000, 0x0000000723c00000|100%| E|CS|TAMS 0x0000000723a00000, 0x0000000723a00000| Complete 
| 286|0x0000000723c00000, 0x0000000723e00000, 0x0000000723e00000|100%| E|CS|TAMS 0x0000000723c00000, 0x0000000723c00000| Complete 
| 287|0x0000000723e00000, 0x0000000724000000, 0x0000000724000000|100%| E|CS|TAMS 0x0000000723e00000, 0x0000000723e00000| Complete 
| 288|0x0000000724000000, 0x0000000724200000, 0x0000000724200000|100%| E|CS|TAMS 0x0000000724000000, 0x0000000724000000| Complete 
| 289|0x0000000724200000, 0x0000000724400000, 0x0000000724400000|100%| E|CS|TAMS 0x0000000724200000, 0x0000000724200000| Complete 
| 290|0x0000000724400000, 0x0000000724600000, 0x0000000724600000|100%| E|CS|TAMS 0x0000000724400000, 0x0000000724400000| Complete 
| 291|0x0000000724600000, 0x0000000724800000, 0x0000000724800000|100%| E|CS|TAMS 0x0000000724600000, 0x0000000724600000| Complete 
| 292|0x0000000724800000, 0x0000000724a00000, 0x0000000724a00000|100%| E|CS|TAMS 0x0000000724800000, 0x0000000724800000| Complete 
| 293|0x0000000724a00000, 0x0000000724c00000, 0x0000000724c00000|100%| E|CS|TAMS 0x0000000724a00000, 0x0000000724a00000| Complete 
| 294|0x0000000724c00000, 0x0000000724e00000, 0x0000000724e00000|100%| E|CS|TAMS 0x0000000724c00000, 0x0000000724c00000| Complete 
| 295|0x0000000724e00000, 0x0000000725000000, 0x0000000725000000|100%| E|CS|TAMS 0x0000000724e00000, 0x0000000724e00000| Complete 
| 296|0x0000000725000000, 0x0000000725200000, 0x0000000725200000|100%| E|CS|TAMS 0x0000000725000000, 0x0000000725000000| Complete 
| 297|0x0000000725200000, 0x0000000725400000, 0x0000000725400000|100%| E|CS|TAMS 0x0000000725200000, 0x0000000725200000| Complete 
| 298|0x0000000725400000, 0x0000000725600000, 0x0000000725600000|100%| E|CS|TAMS 0x0000000725400000, 0x0000000725400000| Complete 
| 299|0x0000000725600000, 0x0000000725800000, 0x0000000725800000|100%| E|CS|TAMS 0x0000000725600000, 0x0000000725600000| Complete 
| 300|0x0000000725800000, 0x0000000725a00000, 0x0000000725a00000|100%| E|CS|TAMS 0x0000000725800000, 0x0000000725800000| Complete 
| 301|0x0000000725a00000, 0x0000000725c00000, 0x0000000725c00000|100%| E|CS|TAMS 0x0000000725a00000, 0x0000000725a00000| Complete 
| 302|0x0000000725c00000, 0x0000000725e00000, 0x0000000725e00000|100%| E|CS|TAMS 0x0000000725c00000, 0x0000000725c00000| Complete 
| 303|0x0000000725e00000, 0x0000000726000000, 0x0000000726000000|100%| E|CS|TAMS 0x0000000725e00000, 0x0000000725e00000| Complete 
| 304|0x0000000726000000, 0x0000000726200000, 0x0000000726200000|100%| E|CS|TAMS 0x0000000726000000, 0x0000000726000000| Complete 
| 305|0x0000000726200000, 0x0000000726400000, 0x0000000726400000|100%| E|CS|TAMS 0x0000000726200000, 0x0000000726200000| Complete 
| 306|0x0000000726400000, 0x0000000726600000, 0x0000000726600000|100%| E|CS|TAMS 0x0000000726400000, 0x0000000726400000| Complete 
| 307|0x0000000726600000, 0x0000000726800000, 0x0000000726800000|100%| E|CS|TAMS 0x0000000726600000, 0x0000000726600000| Complete 
| 308|0x0000000726800000, 0x0000000726a00000, 0x0000000726a00000|100%| E|CS|TAMS 0x0000000726800000, 0x0000000726800000| Complete 
|2043|0x00000007ff600000, 0x00000007ff800000, 0x00000007ff800000|100%| O|  |TAMS 0x00000007ff800000, 0x00000007ff600000| Untracked 
|2044|0x00000007ff800000, 0x00000007ffa00000, 0x00000007ffa00000|100%| O|  |TAMS 0x00000007ffa00000, 0x00000007ff800000| Untracked 
|2045|0x00000007ffa00000, 0x00000007ffc00000, 0x00000007ffc00000|100%| O|  |TAMS 0x00000007ffc00000, 0x00000007ffa00000| Untracked 
|2046|0x00000007ffc00000, 0x00000007ffe00000, 0x00000007ffe00000|100%| O|  |TAMS 0x00000007ffe00000, 0x00000007ffc00000| Untracked 
|2047|0x00000007ffe00000, 0x0000000800000000, 0x0000000800000000|100%| O|  |TAMS 0x0000000800000000, 0x00000007ffe00000| Untracked 

Card table byte_map: [0x000001dacfcb0000,0x000001dad04b0000] _byte_map_base: 0x000001dacc4b0000

Marking Bits (Prev, Next): (CMBitMap*) 0x000001dab8933490, (CMBitMap*) 0x000001dab89334d0
 Prev Bits: [0x000001dad0cb0000, 0x000001dad4cb0000)
 Next Bits: [0x000001dad4cb0000, 0x000001dad8cb0000)

Polling page: 0x000001dab8030000

Metaspace:

Usage:
  Non-class:     44.28 MB used.
      Class:      6.99 MB used.
       Both:     51.27 MB used.

Virtual space:
  Non-class space:       64.00 MB reserved,      44.62 MB ( 70%) committed,  1 nodes.
      Class space:        1.00 GB reserved,       7.25 MB ( <1%) committed,  1 nodes.
             Both:        1.06 GB reserved,      51.88 MB (  5%) committed. 

Chunk freelists:
   Non-Class:  2.52 MB
       Class:  8.75 MB
        Both:  11.27 MB

MaxMetaspaceSize: unlimited
CompressedClassSpaceSize: 1.00 GB
Initial GC threshold: 21.00 MB
Current GC threshold: 62.50 MB
CDS: on
MetaspaceReclaimPolicy: balanced
 - commit_granule_bytes: 65536.
 - commit_granule_words: 8192.
 - virtual_space_node_default_size: 8388608.
 - enlarge_chunks_in_place: 1.
 - new_chunks_are_fully_committed: 0.
 - uncommit_free_chunks: 1.
 - use_allocation_guard: 0.
 - handle_deallocations: 1.


Internal statistics:

num_allocs_failed_limit: 3.
num_arena_births: 746.
num_arena_deaths: 0.
num_vsnodes_births: 2.
num_vsnodes_deaths: 0.
num_space_committed: 830.
num_space_uncommitted: 0.
num_chunks_returned_to_freelist: 3.
num_chunks_taken_from_freelist: 2873.
num_chunk_merges: 3.
num_chunk_splits: 1877.
num_chunks_enlarged: 1273.
num_inconsistent_stats: 0.

CodeHeap 'non-profiled nmethods': size=120000Kb used=7901Kb max_used=7901Kb free=112098Kb
 bounds [0x000001dac7c40000, 0x000001dac8400000, 0x000001dacf170000]
CodeHeap 'profiled nmethods': size=120000Kb used=13410Kb max_used=14310Kb free=106589Kb
 bounds [0x000001dac0170000, 0x000001dac1030000, 0x000001dac76a0000]
CodeHeap 'non-nmethods': size=5760Kb used=2343Kb max_used=2441Kb free=3416Kb
 bounds [0x000001dac76a0000, 0x000001dac7920000, 0x000001dac7c40000]
 total_blobs=8561 nmethods=7715 adapters=758
 compilation: enabled
              stopped_count=0, restarted_count=0
 full_count=0

Compilation events (20 events):
Event: 39.706 Thread 0x000001dadb80cfb0 nmethod 9964 0x000001dac02e4790 code [0x000001dac02e4940, 0x000001dac02e4ae8]
Event: 39.807 Thread 0x000001dadb72e430 9965       4       org.objectweb.asm.commons.ClassRemapper::createAnnotationRemapper (26 bytes)
Event: 39.812 Thread 0x000001dadb72e430 nmethod 9965 0x000001dac83f2610 code [0x000001dac83f27a0, 0x000001dac83f2bb8]
Event: 39.909 Thread 0x000001dadb72e430 9966       4       java.nio.MappedByteBuffer::limit (8 bytes)
Event: 39.910 Thread 0x000001dadb72e430 nmethod 9966 0x000001dac83f2e10 code [0x000001dac83f2f80, 0x000001dac83f3078]
Event: 39.959 Thread 0x000001dadb80cfb0 9967       3       org.objectweb.asm.ClassReader::accept (1419 bytes)
Event: 39.965 Thread 0x000001dadb72e430 9968       4       java.lang.String::replace (42 bytes)
Event: 39.966 Thread 0x000001dadb80cfb0 nmethod 9967 0x000001dac0c16f10 code [0x000001dac0c17a80, 0x000001dac0c1eec8]
Event: 39.966 Thread 0x000001dadb80cfb0 9969       3       org.objectweb.asm.ClassWriter::toByteArray (1535 bytes)
Event: 39.971 Thread 0x000001dadb80cfb0 nmethod 9969 0x000001dac0b76610 code [0x000001dac0b76ee0, 0x000001dac0b7ad28]
Event: 39.977 Thread 0x000001dadb72e430 nmethod 9968 0x000001dac83f3190 code [0x000001dac83f3340, 0x000001dac83f3908]
Event: 39.977 Thread 0x000001dadb72e430 9970       4       org.objectweb.asm.commons.MethodRemapper::visitInvokeDynamicInsn (77 bytes)
Event: 39.983 Thread 0x000001dadb72e430 nmethod 9970 0x000001dac83f3c90 code [0x000001dac83f3e40, 0x000001dac83f42c8]
Event: 39.986 Thread 0x000001dadb72e430 9971       4       org.objectweb.asm.FieldWriter::putFieldInfo (269 bytes)
Event: 40.004 Thread 0x000001dadb72e430 nmethod 9971 0x000001dac83f4690 code [0x000001dac83f4960, 0x000001dac83f5bd8]
Event: 40.005 Thread 0x000001dadb72e430 9972       4       org.objectweb.asm.FieldWriter::computeFieldInfoSize (86 bytes)
Event: 40.009 Thread 0x000001dadb72e430 nmethod 9972 0x000001dac83f6910 code [0x000001dac83f6b20, 0x000001dac83f7090]
Event: 40.066 Thread 0x000001dadb72e430 9973       4       org.objectweb.asm.ClassWriter::toByteArray (1535 bytes)
Event: 40.102 Thread 0x000001dadb80cfb0 9974       3       org.objectweb.asm.MethodWriter::visitMultiANewArrayInsn (97 bytes)
Event: 40.103 Thread 0x000001dadb80cfb0 nmethod 9974 0x000001dac02e3f10 code [0x000001dac02e4100, 0x000001dac02e4578]

GC Heap History (20 events):
Event: 30.578 GC heap before
{Heap before GC invocations=32 (full 0):
 garbage-first heap   total 643072K, used 547313K [0x0000000700000000, 0x0000000800000000)
  region size 2048K, 188 young (385024K), 10 survivors (20480K)
 Metaspace       used 49664K, committed 50176K, reserved 1114112K
  class space    used 6927K, committed 7168K, reserved 1048576K
}
Event: 30.581 GC heap after
{Heap after GC invocations=33 (full 0):
 garbage-first heap   total 643072K, used 166436K [0x0000000700000000, 0x0000000800000000)
  region size 2048K, 2 young (4096K), 2 survivors (4096K)
 Metaspace       used 49664K, committed 50176K, reserved 1114112K
  class space    used 6927K, committed 7168K, reserved 1048576K
}
Event: 31.315 GC heap before
{Heap before GC invocations=33 (full 0):
 garbage-first heap   total 643072K, used 553508K [0x0000000700000000, 0x0000000800000000)
  region size 2048K, 188 young (385024K), 2 survivors (4096K)
 Metaspace       used 49674K, committed 50240K, reserved 1114112K
  class space    used 6927K, committed 7168K, reserved 1048576K
}
Event: 31.319 GC heap after
{Heap after GC invocations=34 (full 0):
 garbage-first heap   total 643072K, used 175274K [0x0000000700000000, 0x0000000800000000)
  region size 2048K, 5 young (10240K), 5 survivors (10240K)
 Metaspace       used 49674K, committed 50240K, reserved 1114112K
  class space    used 6927K, committed 7168K, reserved 1048576K
}
Event: 33.391 GC heap before
{Heap before GC invocations=34 (full 0):
 garbage-first heap   total 643072K, used 570538K [0x0000000700000000, 0x0000000800000000)
  region size 2048K, 188 young (385024K), 5 survivors (10240K)
 Metaspace       used 52424K, committed 52992K, reserved 1114112K
  class space    used 7153K, committed 7424K, reserved 1048576K
}
Event: 33.396 GC heap after
{Heap after GC invocations=35 (full 0):
 garbage-first heap   total 643072K, used 181608K [0x0000000700000000, 0x0000000800000000)
  region size 2048K, 4 young (8192K), 4 survivors (8192K)
 Metaspace       used 52424K, committed 52992K, reserved 1114112K
  class space    used 7153K, committed 7424K, reserved 1048576K
}
Event: 35.968 GC heap before
{Heap before GC invocations=35 (full 0):
 garbage-first heap   total 643072K, used 554344K [0x0000000700000000, 0x0000000800000000)
  region size 2048K, 186 young (380928K), 4 survivors (8192K)
 Metaspace       used 52453K, committed 53056K, reserved 1114112K
  class space    used 7160K, committed 7424K, reserved 1048576K
}
Event: 35.975 GC heap after
{Heap after GC invocations=36 (full 0):
 garbage-first heap   total 643072K, used 183139K [0x0000000700000000, 0x0000000800000000)
  region size 2048K, 4 young (8192K), 4 survivors (8192K)
 Metaspace       used 52453K, committed 53056K, reserved 1114112K
  class space    used 7160K, committed 7424K, reserved 1048576K
}
Event: 36.992 GC heap before
{Heap before GC invocations=36 (full 0):
 garbage-first heap   total 643072K, used 559971K [0x0000000700000000, 0x0000000800000000)
  region size 2048K, 188 young (385024K), 4 survivors (8192K)
 Metaspace       used 52474K, committed 53120K, reserved 1114112K
  class space    used 7160K, committed 7424K, reserved 1048576K
}
Event: 36.999 GC heap after
{Heap after GC invocations=37 (full 0):
 garbage-first heap   total 643072K, used 185318K [0x0000000700000000, 0x0000000800000000)
  region size 2048K, 6 young (12288K), 6 survivors (12288K)
 Metaspace       used 52474K, committed 53120K, reserved 1114112K
  class space    used 7160K, committed 7424K, reserved 1048576K
}
Event: 37.925 GC heap before
{Heap before GC invocations=37 (full 0):
 garbage-first heap   total 643072K, used 558054K [0x0000000700000000, 0x0000000800000000)
  region size 2048K, 188 young (385024K), 6 survivors (12288K)
 Metaspace       used 52483K, committed 53120K, reserved 1114112K
  class space    used 7160K, committed 7424K, reserved 1048576K
}
Event: 37.931 GC heap after
{Heap after GC invocations=38 (full 0):
 garbage-first heap   total 643072K, used 188105K [0x0000000700000000, 0x0000000800000000)
  region size 2048K, 7 young (14336K), 7 survivors (14336K)
 Metaspace       used 52483K, committed 53120K, reserved 1114112K
  class space    used 7160K, committed 7424K, reserved 1048576K
}
Event: 38.539 GC heap before
{Heap before GC invocations=38 (full 0):
 garbage-first heap   total 643072K, used 558793K [0x0000000700000000, 0x0000000800000000)
  region size 2048K, 188 young (385024K), 7 survivors (14336K)
 Metaspace       used 52483K, committed 53120K, reserved 1114112K
  class space    used 7160K, committed 7424K, reserved 1048576K
}
Event: 38.546 GC heap after
{Heap after GC invocations=39 (full 0):
 garbage-first heap   total 643072K, used 189840K [0x0000000700000000, 0x0000000800000000)
  region size 2048K, 8 young (16384K), 8 survivors (16384K)
 Metaspace       used 52483K, committed 53120K, reserved 1114112K
  class space    used 7160K, committed 7424K, reserved 1048576K
}
Event: 39.081 GC heap before
{Heap before GC invocations=39 (full 0):
 garbage-first heap   total 643072K, used 558480K [0x0000000700000000, 0x0000000800000000)
  region size 2048K, 188 young (385024K), 8 survivors (16384K)
 Metaspace       used 52483K, committed 53120K, reserved 1114112K
  class space    used 7160K, committed 7424K, reserved 1048576K
}
Event: 39.088 GC heap after
{Heap after GC invocations=40 (full 0):
 garbage-first heap   total 643072K, used 191726K [0x0000000700000000, 0x0000000800000000)
  region size 2048K, 8 young (16384K), 8 survivors (16384K)
 Metaspace       used 52483K, committed 53120K, reserved 1114112K
  class space    used 7160K, committed 7424K, reserved 1048576K
}
Event: 39.596 GC heap before
{Heap before GC invocations=40 (full 0):
 garbage-first heap   total 643072K, used 560366K [0x0000000700000000, 0x0000000800000000)
  region size 2048K, 188 young (385024K), 8 survivors (16384K)
 Metaspace       used 52483K, committed 53120K, reserved 1114112K
  class space    used 7160K, committed 7424K, reserved 1048576K
}
Event: 39.604 GC heap after
{Heap after GC invocations=41 (full 0):
 garbage-first heap   total 643072K, used 194169K [0x0000000700000000, 0x0000000800000000)
  region size 2048K, 10 young (20480K), 10 survivors (20480K)
 Metaspace       used 52483K, committed 53120K, reserved 1114112K
  class space    used 7160K, committed 7424K, reserved 1048576K
}
Event: 40.091 GC heap before
{Heap before GC invocations=41 (full 0):
 garbage-first heap   total 643072K, used 554617K [0x0000000700000000, 0x0000000800000000)
  region size 2048K, 186 young (380928K), 10 survivors (20480K)
 Metaspace       used 52494K, committed 53120K, reserved 1114112K
  class space    used 7160K, committed 7424K, reserved 1048576K
}
Event: 40.100 GC heap after
{Heap after GC invocations=42 (full 0):
 garbage-first heap   total 643072K, used 196675K [0x0000000700000000, 0x0000000800000000)
  region size 2048K, 11 young (22528K), 11 survivors (22528K)
 Metaspace       used 52494K, committed 53120K, reserved 1114112K
  class space    used 7160K, committed 7424K, reserved 1048576K
}

Deoptimization events (20 events):
Event: 37.826 Thread 0x000001db22acd100 DEOPT PACKING pc=0x000001dac83cd804 sp=0x00000054682f7640
Event: 37.826 Thread 0x000001db22acd100 DEOPT UNPACKING pc=0x000001dac76f5ba3 sp=0x00000054682f75b8 mode 2
Event: 38.225 Thread 0x000001db22acd100 Uncommon trap: trap_request=0xffffffde fr.pc=0x000001dac838196c relative=0x000000000000882c
Event: 38.225 Thread 0x000001db22acd100 Uncommon trap: reason=class_check action=maybe_recompile pc=0x000001dac838196c method=org.objectweb.asm.ClassReader.readCode(Lorg/objectweb/asm/MethodVisitor;Lorg/objectweb/asm/Context;I)V @ 5059 c2
Event: 38.225 Thread 0x000001db22acd100 DEOPT PACKING pc=0x000001dac838196c sp=0x00000054682f7570
Event: 38.225 Thread 0x000001db22acd100 DEOPT UNPACKING pc=0x000001dac76f5ba3 sp=0x00000054682f74c8 mode 2
Event: 38.704 Thread 0x000001db22acd100 Uncommon trap: trap_request=0xffffff45 fr.pc=0x000001dac83c5a74 relative=0x0000000000003434
Event: 38.704 Thread 0x000001db22acd100 Uncommon trap: reason=unstable_if action=reinterpret pc=0x000001dac83c5a74 method=org.gradle.api.internal.runtimeshaded.RuntimeShadedJarCreator.processEntry(Lorg/gradle/internal/classpath/ClasspathBuilder$EntryBuilder;Lorg/gradle/internal/classpath/Classp
Event: 38.704 Thread 0x000001db22acd100 DEOPT PACKING pc=0x000001dac83c5a74 sp=0x00000054682f7980
Event: 38.704 Thread 0x000001db22acd100 DEOPT UNPACKING pc=0x000001dac76f5ba3 sp=0x00000054682f7898 mode 2
Event: 38.781 Thread 0x000001db22acd100 DEOPT PACKING pc=0x000001dac058dc41 sp=0x00000054682f71a0
Event: 38.781 Thread 0x000001db22acd100 DEOPT UNPACKING pc=0x000001dac76f66e3 sp=0x00000054682f6640 mode 0
Event: 39.959 Thread 0x000001db22acd100 Uncommon trap: trap_request=0xffffff45 fr.pc=0x000001dac83ad1c4 relative=0x0000000000004524
Event: 39.959 Thread 0x000001db22acd100 Uncommon trap: reason=unstable_if action=reinterpret pc=0x000001dac83ad1c4 method=org.objectweb.asm.ClassReader.accept(Lorg/objectweb/asm/ClassVisitor;[Lorg/objectweb/asm/Attribute;I)V @ 287 c2
Event: 39.959 Thread 0x000001db22acd100 DEOPT PACKING pc=0x000001dac83ad1c4 sp=0x00000054682f7730
Event: 39.959 Thread 0x000001db22acd100 DEOPT UNPACKING pc=0x000001dac76f5ba3 sp=0x00000054682f7728 mode 2
Event: 39.959 Thread 0x000001db22acd100 Uncommon trap: trap_request=0xffffff45 fr.pc=0x000001dac838efa0 relative=0x0000000000004e40
Event: 39.959 Thread 0x000001db22acd100 Uncommon trap: reason=unstable_if action=reinterpret pc=0x000001dac838efa0 method=org.objectweb.asm.ClassWriter.toByteArray()[B @ 439 c2
Event: 39.959 Thread 0x000001db22acd100 DEOPT PACKING pc=0x000001dac838efa0 sp=0x00000054682f7800
Event: 39.959 Thread 0x000001db22acd100 DEOPT UNPACKING pc=0x000001dac76f5ba3 sp=0x00000054682f77b8 mode 2

Classes unloaded (0 events):
No events

Classes redefined (0 events):
No events

Internal exceptions (20 events):
Event: 32.241 Thread 0x000001db22acd100 Exception <a 'java/lang/ClassNotFoundException'{0x000000071c3e32d0}: org/gradle/util/internal/DefaultGradleVersionCustomizer> (0x000000071c3e32d0) 
thrown [s\open\src\hotspot\share\classfile\systemDictionary.cpp, line 256]
Event: 32.279 Thread 0x000001db22acd100 Exception <a 'sun/nio/fs/WindowsException'{0x000000071c16a400}> (0x000000071c16a400) 
thrown [s\open\src\hotspot\share\prims\jni.cpp, line 516]
Event: 32.280 Thread 0x000001db22acd100 Exception <a 'sun/nio/fs/WindowsException'{0x000000071c16bb88}> (0x000000071c16bb88) 
thrown [s\open\src\hotspot\share\prims\jni.cpp, line 516]
Event: 32.281 Thread 0x000001db22acd100 Exception <a 'sun/nio/fs/WindowsException'{0x000000071c16d2e0}> (0x000000071c16d2e0) 
thrown [s\open\src\hotspot\share\prims\jni.cpp, line 516]
Event: 32.282 Thread 0x000001db22acd100 Exception <a 'sun/nio/fs/WindowsException'{0x000000071c16ea38}> (0x000000071c16ea38) 
thrown [s\open\src\hotspot\share\prims\jni.cpp, line 516]
Event: 32.285 Thread 0x000001db22acd100 Exception <a 'java/lang/NoSuchMethodError'{0x000000071c1805a0}: 'java.lang.Object java.lang.invoke.Invokers$Holder.invoker(java.lang.Object, java.lang.Object, java.lang.Object, java.lang.Object, java.lang.Object, java.lang.Object)'> (0x000000071c1805a0) 
thrown [s\open\src\hotspot\share\interpreter\linkResolver.cpp, line 759]
Event: 32.306 Thread 0x000001db22acd100 Exception <a 'java/lang/NoSuchMethodError'{0x000000071be4b1d0}: 'java.lang.Object java.lang.invoke.DirectMethodHandle$Holder.invokeSpecial(java.lang.Object, java.lang.Object, java.lang.Object, java.lang.Object, java.lang.Object, java.lang.Object, java.lang.Object, java.lang.Object, java.lang.Object, java.lang.Object, java.lang.Object, java.lang.Object, java.lang.Object, java.lang.Object, java.lang.Object, java.lang.Object, java.lang.Object, java.lang.Object, java.lang.Object, java.lang.Object, java.lang.Ob
Event: 32.307 Thread 0x000001db22acd100 Exception <a 'java/lang/NoSuchMethodError'{0x000000071be51b90}: 'java.lang.Object java.lang.invoke.DelegatingMethodHandle$Holder.reinvoke_L(java.lang.Object, java.lang.Object, java.lang.Object, java.lang.Object, java.lang.Object, java.lang.Object, java.lang.Object, java.lang.Object, java.lang.Object, java.lang.Object, java.lang.Object, java.lang.Object, java.lang.Object, java.lang.Object, java.lang.Object, java.lang.Object, java.lang.Object, java.lang.Object, java.lang.Object, java.lang.Object, java.lang.O
Event: 32.308 Thread 0x000001db22acd100 Exception <a 'java/lang/NoSuchMethodError'{0x000000071be5d5d8}: 'java.lang.Object java.lang.invoke.Invokers$Holder.invoker(java.lang.Object, java.lang.Object, java.lang.Object, java.lang.Object, java.lang.Object, java.lang.Object, java.lang.Object, java.lang.Object, java.lang.Object, java.lang.Object, java.lang.Object, java.lang.Object, java.lang.Object, java.lang.Object, java.lang.Object, java.lang.Object, java.lang.Object, java.lang.Object, java.lang.Object, java.lang.Object, java.lang.Object, java.lang.
Event: 32.308 Thread 0x000001db22acd100 Exception <a 'java/lang/NoSuchMethodError'{0x000000071be64158}: 'java.lang.Object java.lang.invoke.DelegatingMethodHandle$Holder.delegate(java.lang.Object, java.lang.Object, java.lang.Object, java.lang.Object, java.lang.Object, java.lang.Object, java.lang.Object, java.lang.Object, java.lang.Object, java.lang.Object, java.lang.Object, java.lang.Object, java.lang.Object, java.lang.Object, java.lang.Object, java.lang.Object, java.lang.Object, java.lang.Object, java.lang.Object, java.lang.Object, java.lang.Obj
Event: 32.322 Thread 0x000001db22acd100 Exception <a 'java/lang/NoSuchMethodError'{0x000000071bf30028}: 'java.lang.Object java.lang.invoke.DirectMethodHandle$Holder.invokeStatic(java.lang.Object, java.lang.Object, java.lang.Object, java.lang.Object, java.lang.Object, java.lang.Object, java.lang.Object, java.lang.Object, java.lang.Object, java.lang.Object, java.lang.Object, java.lang.Object, java.lang.Object, java.lang.Object, java.lang.Object, java.lang.Object, java.lang.Object, java.lang.Object, java.lang.Object, java.lang.Object, java.lang.Obj
Event: 32.332 Thread 0x000001db22acd100 Implicit null exception at 0x000001dac7cbced7 to 0x000001dac7cbcff8
Event: 32.434 Thread 0x000001db22acd100 Exception <a 'sun/nio/fs/WindowsException'{0x000000071abe5d30}> (0x000000071abe5d30) 
thrown [s\open\src\hotspot\share\prims\jni.cpp, line 516]
Event: 32.434 Thread 0x000001db22acd100 Exception <a 'sun/nio/fs/WindowsException'{0x000000071abe7530}> (0x000000071abe7530) 
thrown [s\open\src\hotspot\share\prims\jni.cpp, line 516]
Event: 32.443 Thread 0x000001db22acd100 Implicit null exception at 0x000001dac7e90d21 to 0x000001dac7e90ef0
Event: 32.443 Thread 0x000001db22acd100 Implicit null exception at 0x000001dac7d86cc7 to 0x000001dac7d86fe8
Event: 32.444 Thread 0x000001db22acd100 Implicit null exception at 0x000001dac7df5618 to 0x000001dac7df680c
Event: 32.445 Thread 0x000001db22acd100 Implicit null exception at 0x000001dac7dcbf62 to 0x000001dac7dcc848
Event: 32.582 Thread 0x000001db22acd100 Implicit null exception at 0x000001dac7da33cd to 0x000001dac7da4690
Event: 32.719 Thread 0x000001db22acd100 Implicit null exception at 0x000001dac7feb221 to 0x000001dac7fec188

VM Operations (20 events):
Event: 35.425 Executing VM operation: Cleanup
Event: 35.425 Executing VM operation: Cleanup done
Event: 35.968 Executing VM operation: G1CollectForAllocation
Event: 35.975 Executing VM operation: G1CollectForAllocation done
Event: 35.975 Executing VM operation: HandshakeAllThreads
Event: 35.975 Executing VM operation: HandshakeAllThreads done
Event: 36.982 Executing VM operation: Cleanup
Event: 36.983 Executing VM operation: Cleanup done
Event: 36.992 Executing VM operation: G1CollectForAllocation
Event: 36.999 Executing VM operation: G1CollectForAllocation done
Event: 37.925 Executing VM operation: G1CollectForAllocation
Event: 37.931 Executing VM operation: G1CollectForAllocation done
Event: 38.538 Executing VM operation: G1CollectForAllocation
Event: 38.546 Executing VM operation: G1CollectForAllocation done
Event: 39.081 Executing VM operation: G1CollectForAllocation
Event: 39.088 Executing VM operation: G1CollectForAllocation done
Event: 39.596 Executing VM operation: G1CollectForAllocation
Event: 39.604 Executing VM operation: G1CollectForAllocation done
Event: 40.091 Executing VM operation: G1CollectForAllocation
Event: 40.100 Executing VM operation: G1CollectForAllocation done

Events (20 events):
Event: 32.294 loading class java/util/Collections$SynchronizedList done
Event: 32.294 loading class java/util/Collections$SynchronizedRandomAccessList done
Event: 32.321 loading class java/lang/invoke/BoundMethodHandle$Species_LLLLLLLLLLLLLLLLLLLLLLLL
Event: 32.321 loading class java/lang/invoke/BoundMethodHandle$Species_LLLLLLLLLLLLLLLLLLLLLLLL done
Event: 32.412 Thread 0x000001db27897a80 Thread added: 0x000001db27897a80
Event: 35.374 loading class java/util/regex/Pattern$Caret
Event: 35.374 loading class java/util/regex/Pattern$Caret done
Event: 35.982 Thread 0x000001dadb814640 flushing nmethod 0x000001dac0415010
Event: 35.983 Thread 0x000001dadb814640 flushing nmethod 0x000001dac04b5e90
Event: 35.984 Thread 0x000001dadb814640 flushing nmethod 0x000001dac058d190
Event: 35.984 Thread 0x000001dadb814640 flushing nmethod 0x000001dac05a1c10
Event: 35.985 Thread 0x000001dadb814640 flushing nmethod 0x000001dac06b9690
Event: 35.987 Thread 0x000001dadb814640 flushing nmethod 0x000001dac092a490
Event: 35.988 Thread 0x000001dadb814640 flushing nmethod 0x000001dac09c3f90
Event: 35.988 Thread 0x000001dadb814640 flushing nmethod 0x000001dac09cd990
Event: 35.988 Thread 0x000001dadb814640 flushing nmethod 0x000001dac0a34910
Event: 35.991 Thread 0x000001dadb814640 flushing nmethod 0x000001dac0cea210
Event: 35.992 Thread 0x000001dadb814640 flushing nmethod 0x000001dac0d3b990
Event: 36.285 Thread 0x000001db27897a80 Thread exited: 0x000001db27897a80
Event: 36.855 Thread 0x000001db222ea0b0 Thread exited: 0x000001db222ea0b0


Dynamic libraries:
0x00007ff6e2620000 - 0x00007ff6e2630000 	C:\Program Files\Java\jdk-17\bin\java.exe
0x00007ff8bd020000 - 0x00007ff8bd288000 	C:\WINDOWS\SYSTEM32\ntdll.dll
0x00007ff8bc3d0000 - 0x00007ff8bc499000 	C:\WINDOWS\System32\KERNEL32.DLL
0x00007ff8ba570000 - 0x00007ff8ba95d000 	C:\WINDOWS\System32\KERNELBASE.dll
0x00007ff8ba420000 - 0x00007ff8ba56b000 	C:\WINDOWS\System32\ucrtbase.dll
0x00007ff886c40000 - 0x00007ff886c59000 	C:\Program Files\Java\jdk-17\bin\jli.dll
0x00007ff886c60000 - 0x00007ff886c7b000 	C:\Program Files\Java\jdk-17\bin\VCRUNTIME140.dll
0x00007ff8bb300000 - 0x00007ff8bb3b4000 	C:\WINDOWS\System32\ADVAPI32.dll
0x00007ff8badc0000 - 0x00007ff8bae69000 	C:\WINDOWS\System32\msvcrt.dll
0x00007ff8bb1a0000 - 0x00007ff8bb246000 	C:\WINDOWS\System32\sechost.dll
0x00007ff8bb3d0000 - 0x00007ff8bb4e8000 	C:\WINDOWS\System32\RPCRT4.dll
0x00007ff8bb5a0000 - 0x00007ff8bb76c000 	C:\WINDOWS\System32\USER32.dll
0x00007ff89fa80000 - 0x00007ff89fd1a000 	C:\WINDOWS\WinSxS\amd64_microsoft.windows.common-controls_6595b64144ccf1df_6.0.26100.4484_none_3e0e6d4ce32ef3b3\COMCTL32.dll
0x00007ff8ba9f0000 - 0x00007ff8baa17000 	C:\WINDOWS\System32\win32u.dll
0x00007ff8bb170000 - 0x00007ff8bb19b000 	C:\WINDOWS\System32\GDI32.dll
0x00007ff8ba170000 - 0x00007ff8ba2a7000 	C:\WINDOWS\System32\gdi32full.dll
0x00007ff8ba370000 - 0x00007ff8ba413000 	C:\WINDOWS\System32\msvcp_win.dll
0x00007ff8b01a0000 - 0x00007ff8b01ab000 	C:\WINDOWS\SYSTEM32\VERSION.dll
0x00007ff8bc390000 - 0x00007ff8bc3bf000 	C:\WINDOWS\System32\IMM32.DLL
0x00007ff88cc80000 - 0x00007ff88cc8c000 	C:\Program Files\Java\jdk-17\bin\vcruntime140_1.dll
0x00007ff884750000 - 0x00007ff8847de000 	C:\Program Files\Java\jdk-17\bin\msvcp140.dll
0x00007ff809cd0000 - 0x00007ff80a8af000 	C:\Program Files\Java\jdk-17\bin\server\jvm.dll
0x00007ff8bce70000 - 0x00007ff8bce78000 	C:\WINDOWS\System32\PSAPI.DLL
0x00007ff8a90d0000 - 0x00007ff8a90da000 	C:\WINDOWS\SYSTEM32\WSOCK32.dll
0x00007ff8b06c0000 - 0x00007ff8b06f5000 	C:\WINDOWS\SYSTEM32\WINMM.dll
0x00007ff8bb4f0000 - 0x00007ff8bb564000 	C:\WINDOWS\System32\WS2_32.dll
0x00007ff8b8f10000 - 0x00007ff8b8f2b000 	C:\WINDOWS\SYSTEM32\kernel.appcore.dll
0x00007ff88acb0000 - 0x00007ff88acba000 	C:\Program Files\Java\jdk-17\bin\jimage.dll
0x00007ff8b7690000 - 0x00007ff8b78d1000 	C:\WINDOWS\SYSTEM32\DBGHELP.DLL
0x00007ff8bbdb0000 - 0x00007ff8bc136000 	C:\WINDOWS\System32\combase.dll
0x00007ff8bb080000 - 0x00007ff8bb160000 	C:\WINDOWS\System32\OLEAUT32.dll
0x00007ff8978c0000 - 0x00007ff897903000 	C:\WINDOWS\SYSTEM32\dbgcore.DLL
0x00007ff8baba0000 - 0x00007ff8bac39000 	C:\WINDOWS\System32\bcryptPrimitives.dll
0x00007ff886c30000 - 0x00007ff886c3e000 	C:\Program Files\Java\jdk-17\bin\instrument.dll
0x00007ff886c00000 - 0x00007ff886c25000 	C:\Program Files\Java\jdk-17\bin\java.dll
0x00007ff82e8e0000 - 0x00007ff82e9b7000 	C:\Program Files\Java\jdk-17\bin\jsvml.dll
0x00007ff8bc5a0000 - 0x00007ff8bccea000 	C:\WINDOWS\System32\SHELL32.dll
0x00007ff8bac40000 - 0x00007ff8badb4000 	C:\WINDOWS\System32\wintypes.dll
0x00007ff8b7d80000 - 0x00007ff8b85db000 	C:\WINDOWS\SYSTEM32\windows.storage.dll
0x00007ff8bc4a0000 - 0x00007ff8bc595000 	C:\WINDOWS\System32\SHCORE.dll
0x00007ff8bc320000 - 0x00007ff8bc38a000 	C:\WINDOWS\System32\shlwapi.dll
0x00007ff8ba080000 - 0x00007ff8ba0af000 	C:\WINDOWS\SYSTEM32\profapi.dll
0x00007ff885b60000 - 0x00007ff885b78000 	C:\Program Files\Java\jdk-17\bin\zip.dll
0x00007ff885550000 - 0x00007ff885569000 	C:\Program Files\Java\jdk-17\bin\net.dll
0x00007ff8b3390000 - 0x00007ff8b34ae000 	C:\WINDOWS\SYSTEM32\WINHTTP.dll
0x00007ff8b9510000 - 0x00007ff8b957a000 	C:\WINDOWS\system32\mswsock.dll
0x00007ff885530000 - 0x00007ff885546000 	C:\Program Files\Java\jdk-17\bin\nio.dll
0x00007ff886bd0000 - 0x00007ff886be0000 	C:\Program Files\Java\jdk-17\bin\verify.dll
0x00007ff886c80000 - 0x00007ff886ca7000 	J:\.gradle\native\c067742578af261105cb4f569cf0c3c89f3d7b1fecec35dd04571415982c5e48\windows-amd64\native-platform.dll
0x00007ff814b60000 - 0x00007ff814ca4000 	J:\.gradle\native\100fb08df4bc3b14c8652ba06237920a3bd2aa13389f12d3474272988ae205f9\windows-amd64\native-platform-file-events.dll
0x00007ff886ba0000 - 0x00007ff886baa000 	C:\Program Files\Java\jdk-17\bin\management.dll
0x00007ff886960000 - 0x00007ff88696b000 	C:\Program Files\Java\jdk-17\bin\management_ext.dll
0x00007ff8b9870000 - 0x00007ff8b988b000 	C:\WINDOWS\SYSTEM32\CRYPTSP.dll
0x00007ff8b8e70000 - 0x00007ff8b8eab000 	C:\WINDOWS\system32\rsaenh.dll
0x00007ff8b95d0000 - 0x00007ff8b95fb000 	C:\WINDOWS\SYSTEM32\USERENV.dll
0x00007ff8ba050000 - 0x00007ff8ba076000 	C:\WINDOWS\SYSTEM32\bcrypt.dll
0x00007ff8b9890000 - 0x00007ff8b989c000 	C:\WINDOWS\SYSTEM32\CRYPTBASE.dll
0x00007ff8b89b0000 - 0x00007ff8b89e3000 	C:\WINDOWS\SYSTEM32\IPHLPAPI.DLL
0x00007ff8bb3c0000 - 0x00007ff8bb3ca000 	C:\WINDOWS\System32\NSI.dll
0x00007ff8b35b0000 - 0x00007ff8b35cf000 	C:\WINDOWS\SYSTEM32\dhcpcsvc6.DLL
0x00007ff8b34c0000 - 0x00007ff8b34e5000 	C:\WINDOWS\SYSTEM32\dhcpcsvc.DLL
0x00007ff8b8a80000 - 0x00007ff8b8ba6000 	C:\WINDOWS\SYSTEM32\DNSAPI.dll
0x00007ff885cb0000 - 0x00007ff885cbe000 	C:\Program Files\Java\jdk-17\bin\sunmscapi.dll
0x00007ff8baa20000 - 0x00007ff8bab97000 	C:\WINDOWS\System32\CRYPT32.dll
0x00007ff8b9a90000 - 0x00007ff8b9ac0000 	C:\WINDOWS\SYSTEM32\ncrypt.dll
0x00007ff8b9a40000 - 0x00007ff8b9a7f000 	C:\WINDOWS\SYSTEM32\NTASN1.dll
0x00007ff89f1f0000 - 0x00007ff89f1f8000 	C:\WINDOWS\system32\wshunix.dll
0x00007ff8b90b0000 - 0x00007ff8b90e6000 	C:\WINDOWS\SYSTEM32\ntmarta.dll

dbghelp: loaded successfully - version: 4.0.5 - missing functions: none
symbol engine: initialized successfully - sym options: 0x614 - pdb path: .;C:\Program Files\Java\jdk-17\bin;C:\WINDOWS\SYSTEM32;C:\WINDOWS\WinSxS\amd64_microsoft.windows.common-controls_6595b64144ccf1df_6.0.26100.4484_none_3e0e6d4ce32ef3b3;C:\Program Files\Java\jdk-17\bin\server;J:\.gradle\native\c067742578af261105cb4f569cf0c3c89f3d7b1fecec35dd04571415982c5e48\windows-amd64;J:\.gradle\native\100fb08df4bc3b14c8652ba06237920a3bd2aa13389f12d3474272988ae205f9\windows-amd64

VM Arguments:
jvm_args: --add-opens=java.base/java.util=ALL-UNNAMED --add-opens=java.base/java.lang=ALL-UNNAMED --add-opens=java.base/java.lang.invoke=ALL-UNNAMED --add-opens=java.prefs/java.util.prefs=ALL-UNNAMED --add-exports=jdk.compiler/com.sun.tools.javac.api=ALL-UNNAMED --add-exports=jdk.compiler/com.sun.tools.javac.util=ALL-UNNAMED --add-opens=java.base/java.nio.charset=ALL-UNNAMED --add-opens=java.base/java.net=ALL-UNNAMED --add-opens=java.base/java.util.concurrent.atomic=ALL-UNNAMED -Xmx4096M -Dfile.encoding=UTF-8 -Duser.country=RU -Duser.language=ru -Duser.variant -javaagent:J:\.gradle\wrapper\dists\gradle-8.9-bin\90cnw93cvbtalezasaz0blq0a\gradle-8.9\lib\agents\gradle-instrumentation-agent-8.9.jar 
java_command: org.gradle.launcher.daemon.bootstrap.GradleDaemon 8.9
java_class_path (initial): J:\.gradle\wrapper\dists\gradle-8.9-bin\90cnw93cvbtalezasaz0blq0a\gradle-8.9\lib\gradle-daemon-main-8.9.jar
Launcher Type: SUN_STANDARD

[Global flags]
     intx CICompilerCount                          = 4                                         {product} {ergonomic}
     uint ConcGCThreads                            = 2                                         {product} {ergonomic}
     uint G1ConcRefinementThreads                  = 8                                         {product} {ergonomic}
   size_t G1HeapRegionSize                         = 2097152                                   {product} {ergonomic}
    uintx GCDrainStackTargetSize                   = 64                                        {product} {ergonomic}
   size_t InitialHeapSize                          = 532676608                                 {product} {ergonomic}
   size_t MarkStackSize                            = 4194304                                   {product} {ergonomic}
   size_t MaxHeapSize                              = 4294967296                                {product} {command line}
   size_t MaxNewSize                               = 2575302656                                {product} {ergonomic}
   size_t MinHeapDeltaBytes                        = 2097152                                   {product} {ergonomic}
   size_t MinHeapSize                              = 8388608                                   {product} {ergonomic}
    uintx NonNMethodCodeHeapSize                   = 5839372                                {pd product} {ergonomic}
    uintx NonProfiledCodeHeapSize                  = 122909434                              {pd product} {ergonomic}
    uintx ProfiledCodeHeapSize                     = 122909434                              {pd product} {ergonomic}
    uintx ReservedCodeCacheSize                    = 251658240                              {pd product} {ergonomic}
     bool SegmentedCodeCache                       = true                                      {product} {ergonomic}
   size_t SoftMaxHeapSize                          = 4294967296                             {manageable} {ergonomic}
     bool UseCompressedClassPointers               = true                           {product lp64_product} {ergonomic}
     bool UseCompressedOops                        = true                           {product lp64_product} {ergonomic}
     bool UseG1GC                                  = true                                      {product} {ergonomic}
     bool UseLargePagesIndividualAllocation        = false                                  {pd product} {ergonomic}

Logging:
Log output configuration:
 #0: stdout all=warning uptime,level,tags
 #1: stderr all=off uptime,level,tags

Environment Variables:
JAVA_HOME=C:\Program Files\Java\jdk-17
PATH=C:\Program Files (x86)\VMware\VMware Workstation\bin\;C:\Program Files\Common Files\Oracle\Java\javapath;C:\Program Files\Java\jdk-17\bin;C:\Users\User\AppData\Local\Programs\Python\Python37;C:\WINDOWS\system32;C:\WINDOWS;C:\WINDOWS\System32\Wbem;C:\WINDOWS\System32\WindowsPowerShell\v1.0\;C:\WINDOWS\System32\OpenSSH\;C:\Program Files\Git\cmd;C:\Program Files\PuTTY\;F:\Program Files\MATLAB\R2017a\runtime\win64;F:\Program Files\MATLAB\R2017a\bin;C:\Strawberry\c\bin;C:\Strawberry\perl\site\bin;C:\Strawberry\perl\bin;C:\Program Files\R\R-4.1.3\bin;C:\Users\User\AppData\Roaming\nvm;C:\Program Files\nodejs;C:\Program Files\TortoiseGit\bin;C:\Program Files (x86)\Windows Kits\10\Windows Performance Toolkit\;C:\Program Files (x86)\Windows Kits\10\bin\10.0.22621.0\x64;C:\Program Files\dotnet\;C:\Program Files\Docker\Docker\resources\bin;C:\Program Files\PowerShell\7\;C:\Users\User\AppData\Local\pnpm;C:\Program Files\Java\jdk-17.0.1\bin;C:\Users\User\apache-maven-3.8.4\bin;C:\Users\User\adb;C:\Users\User\ffmpeg-4.4.1-full_build\bin;C:\Users\User\kotlin-native-windows-x86_64-1.5.31\bin;C:\Users\User\gradle-7.3.3\bin;J:\Android\Sdk\emulator;C:\Users\User\AppData\Roaming\nvm;C:\Program Files\nodejs;C:\Users\User\AppData\Roaming\nvm\v17.4.0;C:\Users\User\AppData\Local\Programs\Microsoft VS Code\bin;C:\Users\User\AppData\Local\Huawei\Sdk\toolchains;C:\Users\User\AppData\Roaming\Python\Python37\Scripts;C:\Program Files\LLVM\bin;C:\Program Files\JetBrains\IntelliJ IDEA Community Edition 2023.1.2\bin;C:\rtools40;J:\Android\android-ndk-r26c\build;C:\Users\User\AppData\Local\Microsoft\WindowsApps;C:\Program Files\VideoLAN\VLC;C:\Users\User\AppData\Local\Microsoft\WinGet\Links;J:\flutter\bin;C:\Users\User\AppData\Local\JetBrains\Toolbox\scripts;C:\Users\User\AppData\Local\Microsoft\WindowsApps;C:\Program Files\Microsoft Visual Studio\2022\Community\VC\Tools\MSVC\14.29.30133\bin;
USERNAME=User
OS=Windows_NT
PROCESSOR_IDENTIFIER=Intel64 Family 6 Model 140 Stepping 1, GenuineIntel



---------------  S Y S T E M  ---------------

OS:
 Windows 11 , 64 bit Build 26100 (10.0.26100.4484)
OS uptime: 0 days 2:03 hours
Hyper-V role detected

CPU: total 8 (initial active 8) (4 cores per cpu, 2 threads per core) family 6 model 140 stepping 1 microcode 0x9a, cx8, cmov, fxsr, ht, mmx, 3dnowpref, sse, sse2, sse3, ssse3, sse4.1, sse4.2, popcnt, lzcnt, tsc, tscinvbit, avx, avx2, aes, erms, clmul, bmi1, bmi2, adx, avx512f, avx512dq, avx512cd, avx512bw, avx512vl, sha, fma, vzeroupper, avx512_vpopcntdq, avx512_vpclmulqdq, avx512_vaes, avx512_vnni, clflush, clflushopt, clwb, avx512_vbmi2, avx512_vbmi, hv

Memory: 4k page, system-wide physical 32464M (2291M free)
TotalPageFile size 42704M (AvailPageFile size 36M)
current process WorkingSet (physical memory assigned to process): 803M, peak: 880M
current process commit charge ("private bytes"): 872M, peak: 940M

vm_info: Java HotSpot(TM) 64-Bit Server VM (17.0.10+11-LTS-240) for windows-amd64 JRE (17.0.10+11-LTS-240), built on Dec 19 2023 21:47:25 by "mach5one" with MS VC++ 17.1 (VS2022)

END.
